07-Sep-23 16:30:53 - [31m[1mWARNING: This is a development server. Do not use it in a production deployment. Use a production WSGI server instead.[0m
 * Running on http://127.0.0.1:5000
07-Sep-23 16:30:53 - [33mPress CTRL+C to quit[0m
07-Sep-23 18:17:38 - [31m[1mWARNING: This is a development server. Do not use it in a production deployment. Use a production WSGI server instead.[0m
 * Running on http://127.0.0.1:5000
07-Sep-23 18:17:38 - [33mPress CTRL+C to quit[0m
07-Sep-23 18:18:52 - [{'thumbnail_url': 'https://img.freepik.com/premium-photo/business-data-financial-figures-visualiser-graphic_31965-22136.jpg?size=626&ext=jpg&ga=GA1.2.1113312722.1689656663&semt=ais', 'title': 'Datascience level1', 'channel_name': 'karthi yt', 'views': '3.4M views', 'posted_date': '3 days ago', 'channelimage_url': 'https://images.unsplash.com/photo-1505968409348-bd000797c92e?ixlib=rb-4.0.3&ixid=M3wxMjA3fDB8MHxzZWFyY2h8NXx8ZnJlZSUyMGltYWdlc3xlbnwwfHwwfHx8MA%3D%3D&auto=format&fit=crop&w=500&q=60', 'id': 1, 'topics': 'Data Science'}, {'thumbnail_url': 'https://plus.unsplash.com/premium_photo-1668490321931-9a8dbc048734?ixlib=rb-4.0.3&ixid=M3wxMjA3fDB8MHxzZWFyY2h8MTN8fGZyZWUlMjBpbWFnZXN8ZW58MHx8MHx8fDA%3D&auto=format&fit=crop&w=500&q=60', 'title': 'Datascience level2', 'channel_name': 'raja yt', 'views': '3M views', 'posted_date': '5 days ago', 'channelimage_url': 'https://images.unsplash.com/photo-1593696954577-ab3d39317b97?ixlib=rb-4.0.3&ixid=M3wxMjA3fDB8MHxzZWFyY2h8OXx8ZnJlZSUyMGltYWdlc3xlbnwwfHwwfHx8MA%3D%3D&auto=format&fit=crop&w=500&q=60', 'id': 1, 'topics': 'Data Science'}, {'thumbnail_url': 'https://media.istockphoto.com/id/1283875643/photo/modern-office-space-with-waiting-room-board-room-and-cityscape-background.jpg?s=612x612&w=0&k=20&c=UiXhxyDlleOy_fJIeMlq5ATdn7yx9PLyzBNI_pG1xew=', 'title': 'Datascience level4', 'channel_name': 'suresh yt', 'views': '1.4M views', 'posted_date': '2 days ago', 'channelimage_url': 'https://images.unsplash.com/photo-1585020430145-2a6b034f7729?ixlib=rb-4.0.3&ixid=M3wxMjA3fDB8MHxzZWFyY2h8MTZ8fGZyZWUlMjBpbWFnZXN8ZW58MHx8MHx8fDA%3D&auto=format&fit=crop&w=500&q=60', 'id': 1, 'topics': 'Data Science'}, {'thumbnail_url': 'https://img.freepik.com/free-vector/wireframe-robot-ai-artificial-intelligence-robotic-hand-machine-learning-cyber-mind-domination-concept_127544-852.jpg?size=626&ext=jpg&ga=GA1.1.1113312722.1689656663&semt=ais', 'title': 'Datascience level5', 'channel_name': 'virat yt', 'views': '1.9M views', 'posted_date': '5 days ago', 'channelimage_url': 'https://images.unsplash.com/photo-1499209974431-9dddcece7f88?ixlib=rb-4.0.3&ixid=M3wxMjA3fDB8MHxzZWFyY2h8MTJ8fGZyZWUlMjBpbWFnZXN8ZW58MHx8MHx8fDA%3D&auto=format&fit=crop&w=500&q=60', 'id': 1, 'topics': 'Data Science'}, {'thumbnail_url': 'https://img.freepik.com/free-photo/medium-shot-man-wearing-vr-glasses_23-2149126949.jpg?size=626&ext=jpg&ga=GA1.1.1113312722.1689656663&semt=ais', 'title': 'Datascience level6', 'channel_name': 'sharma yt', 'views': '5.4M views', 'posted_date': '2 weeks ago', 'channelimage_url': 'https://plus.unsplash.com/premium_photo-1682124185255-0f04e1663aec?ixlib=rb-4.0.3&ixid=M3wxMjA3fDB8MHxzZWFyY2h8MTl8fGZyZWUlMjBpbWFnZXN8ZW58MHx8MHx8fDA%3D&auto=format&fit=crop&w=500&q=60', 'id': 1, 'topics': 'Data Science'}, {'thumbnail_url': 'https://img.freepik.com/premium-photo/python-programming-code-abstract-technology-background_272306-146.jpg?size=626&ext=jpg&ga=GA1.1.1113312722.1689656663&semt=ais', 'title': 'Datascience level7', 'channel_name': 'ashwin yt', 'views': '1.1M views', 'posted_date': '1 day ago', 'channelimage_url': 'https://img.freepik.com/free-vector/digital-coding-background-with-numbers-zero-one_1017-30363.jpg?size=626&ext=jpg&ga=GA1.1.1113312722.1689656663&semt=ais', 'id': 1, 'topics': 'Data Science'}, {'thumbnail_url': 'https://img.freepik.com/free-vector/innovation-education-logo-template-vector-with-atom-science-graphic_53876-125986.jpg?size=626&ext=jpg&ga=GA1.1.1113312722.1689656663&semt=ais', 'title': 'Datascience level8', 'channel_name': 'varma yt', 'views': '1.9M views', 'posted_date': '3 weeks ago', 'channelimage_url': 'https://img.freepik.com/free-vector/gradient-code-logo-with-tagline_23-2148811020.jpg?size=626&ext=jpg&ga=GA1.1.1113312722.1689656663&semt=ais', 'id': 1, 'topics': 'Data Science'}, {'thumbnail_url': 'https://img.freepik.com/premium-photo/business-data-financial-figures-visualiser-graphic_31965-22136.jpg?size=626&ext=jpg&ga=GA1.2.1113312722.1689656663&semt=ais', 'title': 'Machine Learning 1', 'channel_name': 'hrithik yt', 'views': '1.9M views', 'posted_date': '2 days ago', 'channelimage_url': 'https://images.unsplash.com/photo-1505968409348-bd000797c92e?ixlib=rb-4.0.3&ixid=M3wxMjA3fDB8MHxzZWFyY2h8NXx8ZnJlZSUyMGltYWdlc3xlbnwwfHwwfHx8MA%3D%3D&auto=format&fit=crop&w=500&q=60', 'id': 2, 'topics': 'Machine Learning'}, {'thumbnail_url': 'https://plus.unsplash.com/premium_photo-1668490321931-9a8dbc048734?ixlib=rb-4.0.3&ixid=M3wxMjA3fDB8MHxzZWFyY2h8MTN8fGZyZWUlMjBpbWFnZXN8ZW58MHx8MHx8fDA%3D&auto=format&fit=crop&w=500&q=60', 'title': 'Machine Learning 2', 'channel_name': 'pandya yt', 'views': '2.4M views', 'posted_date': '2 weeks ago', 'channelimage_url': 'https://images.unsplash.com/photo-1505968409348-bd000797c92e?ixlib=rb-4.0.3&ixid=M3wxMjA3fDB8MHxzZWFyY2h8NXx8ZnJlZSUyMGltYWdlc3xlbnwwfHwwfHx8MA%3D%3D&auto=format&fit=crop&w=500&q=60', 'id': 2, 'topics': 'Machine Learning'}, {'thumbnail_url': 'https://img.freepik.com/free-photo/3d-rendering-biorobots-concept_23-2149524396.jpg?size=626&ext=jpg&ga=GA1.1.1113312722.1689656663&semt=ais', 'title': 'Machine Learning 3', 'channel_name': 'malikyt', 'views': '3.4M views', 'posted_date': '3 days ago', 'channelimage_url': 'https://images.unsplash.com/photo-1530076886461-ce58ea8abe24?ixlib=rb-4.0.3&ixid=M3wxMjA3fDB8MHxzZWFyY2h8OHx8ZnJlZSUyMGltYWdlc3xlbnwwfHwwfHx8MA%3D%3D&auto=format&fit=crop&w=500&q=60', 'id': 2, 'topics': 'Machine Learning'}, {'thumbnail_url': 'https://media.istockphoto.com/id/1283875643/photo/modern-office-space-with-waiting-room-board-room-and-cityscape-background.jpg?s=612x612&w=0&k=20&c=UiXhxyDlleOy_fJIeMlq5ATdn7yx9PLyzBNI_pG1xew=', 'title': 'Machine Learning 4', 'channel_name': 'meera yt', 'views': '2.4M views', 'posted_date': '3 weeks ago', 'channelimage_url': 'https://images.unsplash.com/photo-1530076886461-ce58ea8abe24?ixlib=rb-4.0.3&ixid=M3wxMjA3fDB8MHxzZWFyY2h8OHx8ZnJlZSUyMGltYWdlc3xlbnwwfHwwfHx8MA%3D%3D&auto=format&fit=crop&w=500&q=60', 'id': 2, 'topics': 'Machine Learning'}, {'thumbnail_url': 'https://img.freepik.com/free-vector/wireframe-robot-ai-artificial-intelligence-robotic-hand-machine-learning-cyber-mind-domination-concept_127544-852.jpg?size=626&ext=jpg&ga=GA1.1.1113312722.1689656663&semt=ais', 'title': 'Machine Learning 5', 'channel_name': 'jack yt', 'views': '3.4M views', 'posted_date': '4 days ago', 'channelimage_url': 'https://img.freepik.com/free-vector/digital-coding-background-with-numbers-zero-one_1017-30363.jpg?size=626&ext=jpg&ga=GA1.1.1113312722.1689656663&semt=ais', 'id': 2, 'topics': 'Machine Learning'}, {'thumbnail_url': 'https://img.freepik.com/free-photo/medium-shot-man-wearing-vr-glasses_23-2149126949.jpg?size=626&ext=jpg&ga=GA1.1.1113312722.1689656663&semt=ais', 'title': 'Machine Learning 6', 'channel_name': 'mani yt', 'views': '5.4M views', 'posted_date': '5 days ago', 'channelimage_url': 'https://images.unsplash.com/photo-1499209974431-9dddcece7f88?ixlib=rb-4.0.3&ixid=M3wxMjA3fDB8MHxzZWFyY2h8MTJ8fGZyZWUlMjBpbWFnZXN8ZW58MHx8MHx8fDA%3D&auto=format&fit=crop&w=500&q=60', 'id': 2, 'topics': 'Machine Learning'}, {'thumbnail_url': 'https://img.freepik.com/free-vector/innovation-education-logo-template-vector-with-atom-science-graphic_53876-125986.jpg?size=626&ext=jpg&ga=GA1.1.1113312722.1689656663&semt=ais', 'title': 'Machine Learning 7', 'channel_name': 'bosch yt', 'views': '1.1M views', 'posted_date': '7 days ago', 'channelimage_url': 'https://images.unsplash.com/photo-1499209974431-9dddcece7f88?ixlib=rb-4.0.3&ixid=M3wxMjA3fDB8MHxzZWFyY2h8MTJ8fGZyZWUlMjBpbWFnZXN8ZW58MHx8MHx8fDA%3D&auto=format&fit=crop&w=500&q=60', 'id': 2, 'topics': 'Machine Learning'}, {'thumbnail_url': 'https://img.freepik.com/premium-photo/python-programming-code-abstract-technology-background_272306-146.jpg?size=626&ext=jpg&ga=GA1.1.1113312722.1689656663&semt=ais', 'title': 'Machine Learning 8', 'channel_name': 'ishan yt', 'views': '1.4M views', 'posted_date': '1 day ago', 'channelimage_url': 'https://images.unsplash.com/photo-1499209974431-9dddcece7f88?ixlib=rb-4.0.3&ixid=M3wxMjA3fDB8MHxzZWFyY2h8MTJ8fGZyZWUlMjBpbWFnZXN8ZW58MHx8MHx8fDA%3D&auto=format&fit=crop&w=500&q=60', 'id': 2, 'topics': 'Machine Learning'}, {'thumbnail_url': 'https://media.istockphoto.com/id/1283875643/photo/modern-office-space-with-waiting-room-board-room-and-cityscape-background.jpg?s=612x612&w=0&k=20&c=UiXhxyDlleOy_fJIeMlq5ATdn7yx9PLyzBNI_pG1xew=', 'title': 'Artificial Intelligence level1', 'channel_name': 'butler yt', 'views': '1.9M views', 'posted_date': '1 day ago', 'channelimage_url': 'https://images.unsplash.com/photo-1505968409348-bd000797c92e?ixlib=rb-4.0.3&ixid=M3wxMjA3fDB8MHxzZWFyY2h8NXx8ZnJlZSUyMGltYWdlc3xlbnwwfHwwfHx8MA%3D%3D&auto=format&fit=crop&w=500&q=60', 'id': 3, 'topics': 'Artificial Intelligence'}, {'thumbnail_url': 'https://img.freepik.com/free-photo/medium-shot-man-wearing-vr-glasses_23-2149126949.jpg?size=626&ext=jpg&ga=GA1.1.1113312722.1689656663&semt=ais', 'title': 'Artificial Intelligence level2', 'channel_name': 'roy yt', 'views': '1.1M views', 'posted_date': '3 days ago', 'channelimage_url': 'https://images.unsplash.com/photo-1530076886461-ce58ea8abe24?ixlib=rb-4.0.3&ixid=M3wxMjA3fDB8MHxzZWFyY2h8OHx8ZnJlZSUyMGltYWdlc3xlbnwwfHwwfHx8MA%3D%3D&auto=format&fit=crop&w=500&q=60', 'id': 3, 'topics': 'Artificial Intelligence'}, {'thumbnail_url': 'https://img.freepik.com/free-photo/3d-rendering-biorobots-concept_23-2149524396.jpg?size=626&ext=jpg&ga=GA1.1.1113312722.1689656663&semt=ais', 'title': 'Artificial Intelligence level3', 'channel_name': 'stokesyt', 'views': '3.4M views', 'posted_date': '2 weeks ago', 'channelimage_url': 'https://images.unsplash.com/photo-1505968409348-bd000797c92e?ixlib=rb-4.0.3&ixid=M3wxMjA3fDB8MHxzZWFyY2h8NXx8ZnJlZSUyMGltYWdlc3xlbnwwfHwwfHx8MA%3D%3D&auto=format&fit=crop&w=500&q=60', 'id': 3, 'topics': 'Artificial Intelligence'}, {'thumbnail_url': 'https://plus.unsplash.com/premium_photo-1668490321931-9a8dbc048734?ixlib=rb-4.0.3&ixid=M3wxMjA3fDB8MHxzZWFyY2h8MTN8fGZyZWUlMjBpbWFnZXN8ZW58MHx8MHx8fDA%3D&auto=format&fit=crop&w=500&q=60', 'title': 'Artificial Intelligence level1', 'channel_name': 'moenn yt', 'views': '2.4M views', 'posted_date': '5 days ago', 'channelimage_url': 'https://plus.unsplash.com/premium_photo-1682124185255-0f04e1663aec?ixlib=rb-4.0.3&ixid=M3wxMjA3fDB8MHxzZWFyY2h8MTl8fGZyZWUlMjBpbWFnZXN8ZW58MHx8MHx8fDA%3D&auto=format&fit=crop&w=500&q=60', 'id': 3, 'topics': 'Artificial Intelligence'}, {'thumbnail_url': 'https://media.istockphoto.com/id/1283875643/photo/modern-office-space-with-waiting-room-board-room-and-cityscape-background.jpg?s=612x612&w=0&k=20&c=UiXhxyDlleOy_fJIeMlq5ATdn7yx9PLyzBNI_pG1xew=', 'title': 'Python level1', 'channel_name': 'gill yt', 'views': '1.9M views', 'posted_date': '4 days ago', 'channelimage_url': 'https://images.unsplash.com/photo-1505968409348-bd000797c92e?ixlib=rb-4.0.3&ixid=M3wxMjA3fDB8MHxzZWFyY2h8NXx8ZnJlZSUyMGltYWdlc3xlbnwwfHwwfHx8MA%3D%3D&auto=format&fit=crop&w=500&q=60', 'id': 4, 'topics': 'Python'}, {'thumbnail_url': 'https://media.istockphoto.com/id/1283875643/photo/modern-office-space-with-waiting-room-board-room-and-cityscape-background.jpg?s=612x612&w=0&k=20&c=UiXhxyDlleOy_fJIeMlq5ATdn7yx9PLyzBNI_pG1xew=', 'title': 'Python level2', 'channel_name': 'sky yt', 'views': '3M views', 'posted_date': '3 days ago', 'channelimage_url': 'https://img.freepik.com/free-vector/digital-coding-background-with-numbers-zero-one_1017-30363.jpg?size=626&ext=jpg&ga=GA1.1.1113312722.1689656663&semt=ais', 'id': 4, 'topics': 'Python'}, {'thumbnail_url': 'https://img.freepik.com/free-photo/3d-rendering-biorobots-concept_23-2149524396.jpg?size=626&ext=jpg&ga=GA1.1.1113312722.1689656663&semt=ais', 'title': 'Python level3', 'channel_name': 'axar yt', 'views': '2.4M views', 'posted_date': '1 day ago', 'channelimage_url': 'https://images.unsplash.com/photo-1505968409348-bd000797c92e?ixlib=rb-4.0.3&ixid=M3wxMjA3fDB8MHxzZWFyY2h8NXx8ZnJlZSUyMGltYWdlc3xlbnwwfHwwfHx8MA%3D%3D&auto=format&fit=crop&w=500&q=60', 'id': 4, 'topics': 'Python'}, {'thumbnail_url': 'https://plus.unsplash.com/premium_photo-1668490321931-9a8dbc048734?ixlib=rb-4.0.3&ixid=M3wxMjA3fDB8MHxzZWFyY2h8MTN8fGZyZWUlMjBpbWFnZXN8ZW58MHx8MHx8fDA%3D&auto=format&fit=crop&w=500&q=60', 'title': 'Image Processing Level1', 'channel_name': 'popsi yt', 'views': '1.1M views', 'posted_date': '6 days ago', 'channelimage_url': 'https://images.unsplash.com/photo-1530076886461-ce58ea8abe24?ixlib=rb-4.0.3&ixid=M3wxMjA3fDB8MHxzZWFyY2h8OHx8ZnJlZSUyMGltYWdlc3xlbnwwfHwwfHx8MA%3D%3D&auto=format&fit=crop&w=500&q=60', 'id': 5, 'topics': 'Image Processing'}, {'thumbnail_url': 'https://img.freepik.com/free-photo/3d-rendering-biorobots-concept_23-2149524396.jpg?size=626&ext=jpg&ga=GA1.1.1113312722.1689656663&semt=ais', 'title': 'Image Processing Level2', 'channel_name': 'sree yt', 'views': '3.4M views', 'posted_date': '1 day ago', 'channelimage_url': 'https://images.unsplash.com/photo-1499209974431-9dddcece7f88?ixlib=rb-4.0.3&ixid=M3wxMjA3fDB8MHxzZWFyY2h8MTJ8fGZyZWUlMjBpbWFnZXN8ZW58MHx8MHx8fDA%3D&auto=format&fit=crop&w=500&q=60', 'id': 5, 'topics': 'Image Processing'}, {'thumbnail_url': 'https://img.freepik.com/free-vector/wireframe-robot-ai-artificial-intelligence-robotic-hand-machine-learning-cyber-mind-domination-concept_127544-852.jpg?size=626&ext=jpg&ga=GA1.1.1113312722.1689656663&semt=ais', 'title': 'Datascience level3', 'channel_name': 'raina ytt', 'views': '2.4M views', 'posted_date': '7 days ago', 'channelimage_url': 'https://images.unsplash.com/photo-1499209974431-9dddcece7f88?ixlib=rb-4.0.3&ixid=M3wxMjA3fDB8MHxzZWFyY2h8MTJ8fGZyZWUlMjBpbWFnZXN8ZW58MHx8MHx8fDA%3D&auto=format&fit=crop&w=500&q=60', 'id': 1, 'topics': 'Data Science'}, {'thumbnail_url': 'https://img.freepik.com/free-photo/medium-shot-woman-working-late-night_23-2150170690.jpg?size=626&ext=jpg', 'title': 'React js level1', 'channel_name': 'hjj yt', 'views': '2M  views', 'posted_date': '2 days ago', 'channelimage_url': 'https://img.freepik.com/premium-photo/burger-cooking-poster-hands-put-cutlet-bun-pineapple-bun-creative-poster-with-flying-tempest_207126-7668.jpg?size=626&ext=jpg', 'id': 7, 'topics': 'React Js'}, {'thumbnail_url': 'https://img.freepik.com/free-photo/top-viewtop-view-manager-employee-doing-teamwork-business-office-looking-charts-laptop-display_482257-2443.jpg?size=626&ext=jpg&ga=GA1.2.415633070.1691154424&semt=ais', 'title': 'Java level 1', 'channel_name': 'pos yt', 'views': '1 M views', 'posted_date': '3 days ago', 'channelimage_url': 'https://img.freepik.com/free-photo/man-suit-standing-office-with-clipboard-pointing-poster-with-words_1098-17121.jpg?size=626&ext=jpg&ga=GA1.2.415633070.1691154424&semt=ais', 'id': 6, 'topics': 'Java'}]
07-Sep-23 18:18:52 - 127.0.0.1 - - [07/Sep/2023 18:18:52] "GET /api/data HTTP/1.1" 200 -
07-Sep-23 18:18:52 - 127.0.0.1 - - [07/Sep/2023 18:18:52] "[33mGET /favicon.ico HTTP/1.1[0m" 404 -
07-Sep-23 22:23:50 - [{'thumbnail_url': 'https://img.freepik.com/premium-photo/business-data-financial-figures-visualiser-graphic_31965-22136.jpg?size=626&ext=jpg&ga=GA1.2.1113312722.1689656663&semt=ais', 'title': 'Datascience level1', 'channel_name': 'karthi yt', 'views': '3.4M views', 'posted_date': '3 days ago', 'channelimage_url': 'https://images.unsplash.com/photo-1505968409348-bd000797c92e?ixlib=rb-4.0.3&ixid=M3wxMjA3fDB8MHxzZWFyY2h8NXx8ZnJlZSUyMGltYWdlc3xlbnwwfHwwfHx8MA%3D%3D&auto=format&fit=crop&w=500&q=60', 'id': 1, 'topics': 'Data Science'}, {'thumbnail_url': 'https://plus.unsplash.com/premium_photo-1668490321931-9a8dbc048734?ixlib=rb-4.0.3&ixid=M3wxMjA3fDB8MHxzZWFyY2h8MTN8fGZyZWUlMjBpbWFnZXN8ZW58MHx8MHx8fDA%3D&auto=format&fit=crop&w=500&q=60', 'title': 'Datascience level2', 'channel_name': 'raja yt', 'views': '3M views', 'posted_date': '5 days ago', 'channelimage_url': 'https://images.unsplash.com/photo-1593696954577-ab3d39317b97?ixlib=rb-4.0.3&ixid=M3wxMjA3fDB8MHxzZWFyY2h8OXx8ZnJlZSUyMGltYWdlc3xlbnwwfHwwfHx8MA%3D%3D&auto=format&fit=crop&w=500&q=60', 'id': 1, 'topics': 'Data Science'}, {'thumbnail_url': 'https://media.istockphoto.com/id/1283875643/photo/modern-office-space-with-waiting-room-board-room-and-cityscape-background.jpg?s=612x612&w=0&k=20&c=UiXhxyDlleOy_fJIeMlq5ATdn7yx9PLyzBNI_pG1xew=', 'title': 'Datascience level4', 'channel_name': 'suresh yt', 'views': '1.4M views', 'posted_date': '2 days ago', 'channelimage_url': 'https://images.unsplash.com/photo-1585020430145-2a6b034f7729?ixlib=rb-4.0.3&ixid=M3wxMjA3fDB8MHxzZWFyY2h8MTZ8fGZyZWUlMjBpbWFnZXN8ZW58MHx8MHx8fDA%3D&auto=format&fit=crop&w=500&q=60', 'id': 1, 'topics': 'Data Science'}, {'thumbnail_url': 'https://img.freepik.com/free-vector/wireframe-robot-ai-artificial-intelligence-robotic-hand-machine-learning-cyber-mind-domination-concept_127544-852.jpg?size=626&ext=jpg&ga=GA1.1.1113312722.1689656663&semt=ais', 'title': 'Datascience level5', 'channel_name': 'virat yt', 'views': '1.9M views', 'posted_date': '5 days ago', 'channelimage_url': 'https://images.unsplash.com/photo-1499209974431-9dddcece7f88?ixlib=rb-4.0.3&ixid=M3wxMjA3fDB8MHxzZWFyY2h8MTJ8fGZyZWUlMjBpbWFnZXN8ZW58MHx8MHx8fDA%3D&auto=format&fit=crop&w=500&q=60', 'id': 1, 'topics': 'Data Science'}, {'thumbnail_url': 'https://img.freepik.com/free-photo/medium-shot-man-wearing-vr-glasses_23-2149126949.jpg?size=626&ext=jpg&ga=GA1.1.1113312722.1689656663&semt=ais', 'title': 'Datascience level6', 'channel_name': 'sharma yt', 'views': '5.4M views', 'posted_date': '2 weeks ago', 'channelimage_url': 'https://plus.unsplash.com/premium_photo-1682124185255-0f04e1663aec?ixlib=rb-4.0.3&ixid=M3wxMjA3fDB8MHxzZWFyY2h8MTl8fGZyZWUlMjBpbWFnZXN8ZW58MHx8MHx8fDA%3D&auto=format&fit=crop&w=500&q=60', 'id': 1, 'topics': 'Data Science'}, {'thumbnail_url': 'https://img.freepik.com/premium-photo/python-programming-code-abstract-technology-background_272306-146.jpg?size=626&ext=jpg&ga=GA1.1.1113312722.1689656663&semt=ais', 'title': 'Datascience level7', 'channel_name': 'ashwin yt', 'views': '1.1M views', 'posted_date': '1 day ago', 'channelimage_url': 'https://img.freepik.com/free-vector/digital-coding-background-with-numbers-zero-one_1017-30363.jpg?size=626&ext=jpg&ga=GA1.1.1113312722.1689656663&semt=ais', 'id': 1, 'topics': 'Data Science'}, {'thumbnail_url': 'https://img.freepik.com/free-vector/innovation-education-logo-template-vector-with-atom-science-graphic_53876-125986.jpg?size=626&ext=jpg&ga=GA1.1.1113312722.1689656663&semt=ais', 'title': 'Datascience level8', 'channel_name': 'varma yt', 'views': '1.9M views', 'posted_date': '3 weeks ago', 'channelimage_url': 'https://img.freepik.com/free-vector/gradient-code-logo-with-tagline_23-2148811020.jpg?size=626&ext=jpg&ga=GA1.1.1113312722.1689656663&semt=ais', 'id': 1, 'topics': 'Data Science'}, {'thumbnail_url': 'https://img.freepik.com/premium-photo/business-data-financial-figures-visualiser-graphic_31965-22136.jpg?size=626&ext=jpg&ga=GA1.2.1113312722.1689656663&semt=ais', 'title': 'Machine Learning 1', 'channel_name': 'hrithik yt', 'views': '1.9M views', 'posted_date': '2 days ago', 'channelimage_url': 'https://images.unsplash.com/photo-1505968409348-bd000797c92e?ixlib=rb-4.0.3&ixid=M3wxMjA3fDB8MHxzZWFyY2h8NXx8ZnJlZSUyMGltYWdlc3xlbnwwfHwwfHx8MA%3D%3D&auto=format&fit=crop&w=500&q=60', 'id': 2, 'topics': 'Machine Learning'}, {'thumbnail_url': 'https://plus.unsplash.com/premium_photo-1668490321931-9a8dbc048734?ixlib=rb-4.0.3&ixid=M3wxMjA3fDB8MHxzZWFyY2h8MTN8fGZyZWUlMjBpbWFnZXN8ZW58MHx8MHx8fDA%3D&auto=format&fit=crop&w=500&q=60', 'title': 'Machine Learning 2', 'channel_name': 'pandya yt', 'views': '2.4M views', 'posted_date': '2 weeks ago', 'channelimage_url': 'https://images.unsplash.com/photo-1505968409348-bd000797c92e?ixlib=rb-4.0.3&ixid=M3wxMjA3fDB8MHxzZWFyY2h8NXx8ZnJlZSUyMGltYWdlc3xlbnwwfHwwfHx8MA%3D%3D&auto=format&fit=crop&w=500&q=60', 'id': 2, 'topics': 'Machine Learning'}, {'thumbnail_url': 'https://img.freepik.com/free-photo/3d-rendering-biorobots-concept_23-2149524396.jpg?size=626&ext=jpg&ga=GA1.1.1113312722.1689656663&semt=ais', 'title': 'Machine Learning 3', 'channel_name': 'malikyt', 'views': '3.4M views', 'posted_date': '3 days ago', 'channelimage_url': 'https://images.unsplash.com/photo-1530076886461-ce58ea8abe24?ixlib=rb-4.0.3&ixid=M3wxMjA3fDB8MHxzZWFyY2h8OHx8ZnJlZSUyMGltYWdlc3xlbnwwfHwwfHx8MA%3D%3D&auto=format&fit=crop&w=500&q=60', 'id': 2, 'topics': 'Machine Learning'}, {'thumbnail_url': 'https://media.istockphoto.com/id/1283875643/photo/modern-office-space-with-waiting-room-board-room-and-cityscape-background.jpg?s=612x612&w=0&k=20&c=UiXhxyDlleOy_fJIeMlq5ATdn7yx9PLyzBNI_pG1xew=', 'title': 'Machine Learning 4', 'channel_name': 'meera yt', 'views': '2.4M views', 'posted_date': '3 weeks ago', 'channelimage_url': 'https://images.unsplash.com/photo-1530076886461-ce58ea8abe24?ixlib=rb-4.0.3&ixid=M3wxMjA3fDB8MHxzZWFyY2h8OHx8ZnJlZSUyMGltYWdlc3xlbnwwfHwwfHx8MA%3D%3D&auto=format&fit=crop&w=500&q=60', 'id': 2, 'topics': 'Machine Learning'}, {'thumbnail_url': 'https://img.freepik.com/free-vector/wireframe-robot-ai-artificial-intelligence-robotic-hand-machine-learning-cyber-mind-domination-concept_127544-852.jpg?size=626&ext=jpg&ga=GA1.1.1113312722.1689656663&semt=ais', 'title': 'Machine Learning 5', 'channel_name': 'jack yt', 'views': '3.4M views', 'posted_date': '4 days ago', 'channelimage_url': 'https://img.freepik.com/free-vector/digital-coding-background-with-numbers-zero-one_1017-30363.jpg?size=626&ext=jpg&ga=GA1.1.1113312722.1689656663&semt=ais', 'id': 2, 'topics': 'Machine Learning'}, {'thumbnail_url': 'https://img.freepik.com/free-photo/medium-shot-man-wearing-vr-glasses_23-2149126949.jpg?size=626&ext=jpg&ga=GA1.1.1113312722.1689656663&semt=ais', 'title': 'Machine Learning 6', 'channel_name': 'mani yt', 'views': '5.4M views', 'posted_date': '5 days ago', 'channelimage_url': 'https://images.unsplash.com/photo-1499209974431-9dddcece7f88?ixlib=rb-4.0.3&ixid=M3wxMjA3fDB8MHxzZWFyY2h8MTJ8fGZyZWUlMjBpbWFnZXN8ZW58MHx8MHx8fDA%3D&auto=format&fit=crop&w=500&q=60', 'id': 2, 'topics': 'Machine Learning'}, {'thumbnail_url': 'https://img.freepik.com/free-vector/innovation-education-logo-template-vector-with-atom-science-graphic_53876-125986.jpg?size=626&ext=jpg&ga=GA1.1.1113312722.1689656663&semt=ais', 'title': 'Machine Learning 7', 'channel_name': 'bosch yt', 'views': '1.1M views', 'posted_date': '7 days ago', 'channelimage_url': 'https://images.unsplash.com/photo-1499209974431-9dddcece7f88?ixlib=rb-4.0.3&ixid=M3wxMjA3fDB8MHxzZWFyY2h8MTJ8fGZyZWUlMjBpbWFnZXN8ZW58MHx8MHx8fDA%3D&auto=format&fit=crop&w=500&q=60', 'id': 2, 'topics': 'Machine Learning'}, {'thumbnail_url': 'https://img.freepik.com/premium-photo/python-programming-code-abstract-technology-background_272306-146.jpg?size=626&ext=jpg&ga=GA1.1.1113312722.1689656663&semt=ais', 'title': 'Machine Learning 8', 'channel_name': 'ishan yt', 'views': '1.4M views', 'posted_date': '1 day ago', 'channelimage_url': 'https://images.unsplash.com/photo-1499209974431-9dddcece7f88?ixlib=rb-4.0.3&ixid=M3wxMjA3fDB8MHxzZWFyY2h8MTJ8fGZyZWUlMjBpbWFnZXN8ZW58MHx8MHx8fDA%3D&auto=format&fit=crop&w=500&q=60', 'id': 2, 'topics': 'Machine Learning'}, {'thumbnail_url': 'https://media.istockphoto.com/id/1283875643/photo/modern-office-space-with-waiting-room-board-room-and-cityscape-background.jpg?s=612x612&w=0&k=20&c=UiXhxyDlleOy_fJIeMlq5ATdn7yx9PLyzBNI_pG1xew=', 'title': 'Artificial Intelligence level1', 'channel_name': 'butler yt', 'views': '1.9M views', 'posted_date': '1 day ago', 'channelimage_url': 'https://images.unsplash.com/photo-1505968409348-bd000797c92e?ixlib=rb-4.0.3&ixid=M3wxMjA3fDB8MHxzZWFyY2h8NXx8ZnJlZSUyMGltYWdlc3xlbnwwfHwwfHx8MA%3D%3D&auto=format&fit=crop&w=500&q=60', 'id': 3, 'topics': 'Artificial Intelligence'}, {'thumbnail_url': 'https://img.freepik.com/free-photo/medium-shot-man-wearing-vr-glasses_23-2149126949.jpg?size=626&ext=jpg&ga=GA1.1.1113312722.1689656663&semt=ais', 'title': 'Artificial Intelligence level2', 'channel_name': 'roy yt', 'views': '1.1M views', 'posted_date': '3 days ago', 'channelimage_url': 'https://images.unsplash.com/photo-1530076886461-ce58ea8abe24?ixlib=rb-4.0.3&ixid=M3wxMjA3fDB8MHxzZWFyY2h8OHx8ZnJlZSUyMGltYWdlc3xlbnwwfHwwfHx8MA%3D%3D&auto=format&fit=crop&w=500&q=60', 'id': 3, 'topics': 'Artificial Intelligence'}, {'thumbnail_url': 'https://img.freepik.com/free-photo/3d-rendering-biorobots-concept_23-2149524396.jpg?size=626&ext=jpg&ga=GA1.1.1113312722.1689656663&semt=ais', 'title': 'Artificial Intelligence level3', 'channel_name': 'stokesyt', 'views': '3.4M views', 'posted_date': '2 weeks ago', 'channelimage_url': 'https://images.unsplash.com/photo-1505968409348-bd000797c92e?ixlib=rb-4.0.3&ixid=M3wxMjA3fDB8MHxzZWFyY2h8NXx8ZnJlZSUyMGltYWdlc3xlbnwwfHwwfHx8MA%3D%3D&auto=format&fit=crop&w=500&q=60', 'id': 3, 'topics': 'Artificial Intelligence'}, {'thumbnail_url': 'https://plus.unsplash.com/premium_photo-1668490321931-9a8dbc048734?ixlib=rb-4.0.3&ixid=M3wxMjA3fDB8MHxzZWFyY2h8MTN8fGZyZWUlMjBpbWFnZXN8ZW58MHx8MHx8fDA%3D&auto=format&fit=crop&w=500&q=60', 'title': 'Artificial Intelligence level1', 'channel_name': 'moenn yt', 'views': '2.4M views', 'posted_date': '5 days ago', 'channelimage_url': 'https://plus.unsplash.com/premium_photo-1682124185255-0f04e1663aec?ixlib=rb-4.0.3&ixid=M3wxMjA3fDB8MHxzZWFyY2h8MTl8fGZyZWUlMjBpbWFnZXN8ZW58MHx8MHx8fDA%3D&auto=format&fit=crop&w=500&q=60', 'id': 3, 'topics': 'Artificial Intelligence'}, {'thumbnail_url': 'https://media.istockphoto.com/id/1283875643/photo/modern-office-space-with-waiting-room-board-room-and-cityscape-background.jpg?s=612x612&w=0&k=20&c=UiXhxyDlleOy_fJIeMlq5ATdn7yx9PLyzBNI_pG1xew=', 'title': 'Python level1', 'channel_name': 'gill yt', 'views': '1.9M views', 'posted_date': '4 days ago', 'channelimage_url': 'https://images.unsplash.com/photo-1505968409348-bd000797c92e?ixlib=rb-4.0.3&ixid=M3wxMjA3fDB8MHxzZWFyY2h8NXx8ZnJlZSUyMGltYWdlc3xlbnwwfHwwfHx8MA%3D%3D&auto=format&fit=crop&w=500&q=60', 'id': 4, 'topics': 'Python'}, {'thumbnail_url': 'https://media.istockphoto.com/id/1283875643/photo/modern-office-space-with-waiting-room-board-room-and-cityscape-background.jpg?s=612x612&w=0&k=20&c=UiXhxyDlleOy_fJIeMlq5ATdn7yx9PLyzBNI_pG1xew=', 'title': 'Python level2', 'channel_name': 'sky yt', 'views': '3M views', 'posted_date': '3 days ago', 'channelimage_url': 'https://img.freepik.com/free-vector/digital-coding-background-with-numbers-zero-one_1017-30363.jpg?size=626&ext=jpg&ga=GA1.1.1113312722.1689656663&semt=ais', 'id': 4, 'topics': 'Python'}, {'thumbnail_url': 'https://img.freepik.com/free-photo/3d-rendering-biorobots-concept_23-2149524396.jpg?size=626&ext=jpg&ga=GA1.1.1113312722.1689656663&semt=ais', 'title': 'Python level3', 'channel_name': 'axar yt', 'views': '2.4M views', 'posted_date': '1 day ago', 'channelimage_url': 'https://images.unsplash.com/photo-1505968409348-bd000797c92e?ixlib=rb-4.0.3&ixid=M3wxMjA3fDB8MHxzZWFyY2h8NXx8ZnJlZSUyMGltYWdlc3xlbnwwfHwwfHx8MA%3D%3D&auto=format&fit=crop&w=500&q=60', 'id': 4, 'topics': 'Python'}, {'thumbnail_url': 'https://plus.unsplash.com/premium_photo-1668490321931-9a8dbc048734?ixlib=rb-4.0.3&ixid=M3wxMjA3fDB8MHxzZWFyY2h8MTN8fGZyZWUlMjBpbWFnZXN8ZW58MHx8MHx8fDA%3D&auto=format&fit=crop&w=500&q=60', 'title': 'Image Processing Level1', 'channel_name': 'popsi yt', 'views': '1.1M views', 'posted_date': '6 days ago', 'channelimage_url': 'https://images.unsplash.com/photo-1530076886461-ce58ea8abe24?ixlib=rb-4.0.3&ixid=M3wxMjA3fDB8MHxzZWFyY2h8OHx8ZnJlZSUyMGltYWdlc3xlbnwwfHwwfHx8MA%3D%3D&auto=format&fit=crop&w=500&q=60', 'id': 5, 'topics': 'Image Processing'}, {'thumbnail_url': 'https://img.freepik.com/free-photo/3d-rendering-biorobots-concept_23-2149524396.jpg?size=626&ext=jpg&ga=GA1.1.1113312722.1689656663&semt=ais', 'title': 'Image Processing Level2', 'channel_name': 'sree yt', 'views': '3.4M views', 'posted_date': '1 day ago', 'channelimage_url': 'https://images.unsplash.com/photo-1499209974431-9dddcece7f88?ixlib=rb-4.0.3&ixid=M3wxMjA3fDB8MHxzZWFyY2h8MTJ8fGZyZWUlMjBpbWFnZXN8ZW58MHx8MHx8fDA%3D&auto=format&fit=crop&w=500&q=60', 'id': 5, 'topics': 'Image Processing'}, {'thumbnail_url': 'https://img.freepik.com/free-vector/wireframe-robot-ai-artificial-intelligence-robotic-hand-machine-learning-cyber-mind-domination-concept_127544-852.jpg?size=626&ext=jpg&ga=GA1.1.1113312722.1689656663&semt=ais', 'title': 'Datascience level3', 'channel_name': 'raina ytt', 'views': '2.4M views', 'posted_date': '7 days ago', 'channelimage_url': 'https://images.unsplash.com/photo-1499209974431-9dddcece7f88?ixlib=rb-4.0.3&ixid=M3wxMjA3fDB8MHxzZWFyY2h8MTJ8fGZyZWUlMjBpbWFnZXN8ZW58MHx8MHx8fDA%3D&auto=format&fit=crop&w=500&q=60', 'id': 1, 'topics': 'Data Science'}, {'thumbnail_url': 'https://img.freepik.com/free-photo/medium-shot-woman-working-late-night_23-2150170690.jpg?size=626&ext=jpg', 'title': 'React js level1', 'channel_name': 'hjj yt', 'views': '2M  views', 'posted_date': '2 days ago', 'channelimage_url': 'https://img.freepik.com/premium-photo/burger-cooking-poster-hands-put-cutlet-bun-pineapple-bun-creative-poster-with-flying-tempest_207126-7668.jpg?size=626&ext=jpg', 'id': 7, 'topics': 'React Js'}, {'thumbnail_url': 'https://img.freepik.com/free-photo/top-viewtop-view-manager-employee-doing-teamwork-business-office-looking-charts-laptop-display_482257-2443.jpg?size=626&ext=jpg&ga=GA1.2.415633070.1691154424&semt=ais', 'title': 'Java level 1', 'channel_name': 'pos yt', 'views': '1 M views', 'posted_date': '3 days ago', 'channelimage_url': 'https://img.freepik.com/free-photo/man-suit-standing-office-with-clipboard-pointing-poster-with-words_1098-17121.jpg?size=626&ext=jpg&ga=GA1.2.415633070.1691154424&semt=ais', 'id': 6, 'topics': 'Java'}]
07-Sep-23 22:23:50 - [{'thumbnail_url': 'https://img.freepik.com/premium-photo/business-data-financial-figures-visualiser-graphic_31965-22136.jpg?size=626&ext=jpg&ga=GA1.2.1113312722.1689656663&semt=ais', 'title': 'Datascience level1', 'channel_name': 'karthi yt', 'views': '3.4M views', 'posted_date': '3 days ago', 'channelimage_url': 'https://images.unsplash.com/photo-1505968409348-bd000797c92e?ixlib=rb-4.0.3&ixid=M3wxMjA3fDB8MHxzZWFyY2h8NXx8ZnJlZSUyMGltYWdlc3xlbnwwfHwwfHx8MA%3D%3D&auto=format&fit=crop&w=500&q=60', 'id': 1, 'topics': 'Data Science'}, {'thumbnail_url': 'https://plus.unsplash.com/premium_photo-1668490321931-9a8dbc048734?ixlib=rb-4.0.3&ixid=M3wxMjA3fDB8MHxzZWFyY2h8MTN8fGZyZWUlMjBpbWFnZXN8ZW58MHx8MHx8fDA%3D&auto=format&fit=crop&w=500&q=60', 'title': 'Datascience level2', 'channel_name': 'raja yt', 'views': '3M views', 'posted_date': '5 days ago', 'channelimage_url': 'https://images.unsplash.com/photo-1593696954577-ab3d39317b97?ixlib=rb-4.0.3&ixid=M3wxMjA3fDB8MHxzZWFyY2h8OXx8ZnJlZSUyMGltYWdlc3xlbnwwfHwwfHx8MA%3D%3D&auto=format&fit=crop&w=500&q=60', 'id': 1, 'topics': 'Data Science'}, {'thumbnail_url': 'https://media.istockphoto.com/id/1283875643/photo/modern-office-space-with-waiting-room-board-room-and-cityscape-background.jpg?s=612x612&w=0&k=20&c=UiXhxyDlleOy_fJIeMlq5ATdn7yx9PLyzBNI_pG1xew=', 'title': 'Datascience level4', 'channel_name': 'suresh yt', 'views': '1.4M views', 'posted_date': '2 days ago', 'channelimage_url': 'https://images.unsplash.com/photo-1585020430145-2a6b034f7729?ixlib=rb-4.0.3&ixid=M3wxMjA3fDB8MHxzZWFyY2h8MTZ8fGZyZWUlMjBpbWFnZXN8ZW58MHx8MHx8fDA%3D&auto=format&fit=crop&w=500&q=60', 'id': 1, 'topics': 'Data Science'}, {'thumbnail_url': 'https://img.freepik.com/free-vector/wireframe-robot-ai-artificial-intelligence-robotic-hand-machine-learning-cyber-mind-domination-concept_127544-852.jpg?size=626&ext=jpg&ga=GA1.1.1113312722.1689656663&semt=ais', 'title': 'Datascience level5', 'channel_name': 'virat yt', 'views': '1.9M views', 'posted_date': '5 days ago', 'channelimage_url': 'https://images.unsplash.com/photo-1499209974431-9dddcece7f88?ixlib=rb-4.0.3&ixid=M3wxMjA3fDB8MHxzZWFyY2h8MTJ8fGZyZWUlMjBpbWFnZXN8ZW58MHx8MHx8fDA%3D&auto=format&fit=crop&w=500&q=60', 'id': 1, 'topics': 'Data Science'}, {'thumbnail_url': 'https://img.freepik.com/free-photo/medium-shot-man-wearing-vr-glasses_23-2149126949.jpg?size=626&ext=jpg&ga=GA1.1.1113312722.1689656663&semt=ais', 'title': 'Datascience level6', 'channel_name': 'sharma yt', 'views': '5.4M views', 'posted_date': '2 weeks ago', 'channelimage_url': 'https://plus.unsplash.com/premium_photo-1682124185255-0f04e1663aec?ixlib=rb-4.0.3&ixid=M3wxMjA3fDB8MHxzZWFyY2h8MTl8fGZyZWUlMjBpbWFnZXN8ZW58MHx8MHx8fDA%3D&auto=format&fit=crop&w=500&q=60', 'id': 1, 'topics': 'Data Science'}, {'thumbnail_url': 'https://img.freepik.com/premium-photo/python-programming-code-abstract-technology-background_272306-146.jpg?size=626&ext=jpg&ga=GA1.1.1113312722.1689656663&semt=ais', 'title': 'Datascience level7', 'channel_name': 'ashwin yt', 'views': '1.1M views', 'posted_date': '1 day ago', 'channelimage_url': 'https://img.freepik.com/free-vector/digital-coding-background-with-numbers-zero-one_1017-30363.jpg?size=626&ext=jpg&ga=GA1.1.1113312722.1689656663&semt=ais', 'id': 1, 'topics': 'Data Science'}, {'thumbnail_url': 'https://img.freepik.com/free-vector/innovation-education-logo-template-vector-with-atom-science-graphic_53876-125986.jpg?size=626&ext=jpg&ga=GA1.1.1113312722.1689656663&semt=ais', 'title': 'Datascience level8', 'channel_name': 'varma yt', 'views': '1.9M views', 'posted_date': '3 weeks ago', 'channelimage_url': 'https://img.freepik.com/free-vector/gradient-code-logo-with-tagline_23-2148811020.jpg?size=626&ext=jpg&ga=GA1.1.1113312722.1689656663&semt=ais', 'id': 1, 'topics': 'Data Science'}, {'thumbnail_url': 'https://img.freepik.com/premium-photo/business-data-financial-figures-visualiser-graphic_31965-22136.jpg?size=626&ext=jpg&ga=GA1.2.1113312722.1689656663&semt=ais', 'title': 'Machine Learning 1', 'channel_name': 'hrithik yt', 'views': '1.9M views', 'posted_date': '2 days ago', 'channelimage_url': 'https://images.unsplash.com/photo-1505968409348-bd000797c92e?ixlib=rb-4.0.3&ixid=M3wxMjA3fDB8MHxzZWFyY2h8NXx8ZnJlZSUyMGltYWdlc3xlbnwwfHwwfHx8MA%3D%3D&auto=format&fit=crop&w=500&q=60', 'id': 2, 'topics': 'Machine Learning'}, {'thumbnail_url': 'https://plus.unsplash.com/premium_photo-1668490321931-9a8dbc048734?ixlib=rb-4.0.3&ixid=M3wxMjA3fDB8MHxzZWFyY2h8MTN8fGZyZWUlMjBpbWFnZXN8ZW58MHx8MHx8fDA%3D&auto=format&fit=crop&w=500&q=60', 'title': 'Machine Learning 2', 'channel_name': 'pandya yt', 'views': '2.4M views', 'posted_date': '2 weeks ago', 'channelimage_url': 'https://images.unsplash.com/photo-1505968409348-bd000797c92e?ixlib=rb-4.0.3&ixid=M3wxMjA3fDB8MHxzZWFyY2h8NXx8ZnJlZSUyMGltYWdlc3xlbnwwfHwwfHx8MA%3D%3D&auto=format&fit=crop&w=500&q=60', 'id': 2, 'topics': 'Machine Learning'}, {'thumbnail_url': 'https://img.freepik.com/free-photo/3d-rendering-biorobots-concept_23-2149524396.jpg?size=626&ext=jpg&ga=GA1.1.1113312722.1689656663&semt=ais', 'title': 'Machine Learning 3', 'channel_name': 'malikyt', 'views': '3.4M views', 'posted_date': '3 days ago', 'channelimage_url': 'https://images.unsplash.com/photo-1530076886461-ce58ea8abe24?ixlib=rb-4.0.3&ixid=M3wxMjA3fDB8MHxzZWFyY2h8OHx8ZnJlZSUyMGltYWdlc3xlbnwwfHwwfHx8MA%3D%3D&auto=format&fit=crop&w=500&q=60', 'id': 2, 'topics': 'Machine Learning'}, {'thumbnail_url': 'https://media.istockphoto.com/id/1283875643/photo/modern-office-space-with-waiting-room-board-room-and-cityscape-background.jpg?s=612x612&w=0&k=20&c=UiXhxyDlleOy_fJIeMlq5ATdn7yx9PLyzBNI_pG1xew=', 'title': 'Machine Learning 4', 'channel_name': 'meera yt', 'views': '2.4M views', 'posted_date': '3 weeks ago', 'channelimage_url': 'https://images.unsplash.com/photo-1530076886461-ce58ea8abe24?ixlib=rb-4.0.3&ixid=M3wxMjA3fDB8MHxzZWFyY2h8OHx8ZnJlZSUyMGltYWdlc3xlbnwwfHwwfHx8MA%3D%3D&auto=format&fit=crop&w=500&q=60', 'id': 2, 'topics': 'Machine Learning'}, {'thumbnail_url': 'https://img.freepik.com/free-vector/wireframe-robot-ai-artificial-intelligence-robotic-hand-machine-learning-cyber-mind-domination-concept_127544-852.jpg?size=626&ext=jpg&ga=GA1.1.1113312722.1689656663&semt=ais', 'title': 'Machine Learning 5', 'channel_name': 'jack yt', 'views': '3.4M views', 'posted_date': '4 days ago', 'channelimage_url': 'https://img.freepik.com/free-vector/digital-coding-background-with-numbers-zero-one_1017-30363.jpg?size=626&ext=jpg&ga=GA1.1.1113312722.1689656663&semt=ais', 'id': 2, 'topics': 'Machine Learning'}, {'thumbnail_url': 'https://img.freepik.com/free-photo/medium-shot-man-wearing-vr-glasses_23-2149126949.jpg?size=626&ext=jpg&ga=GA1.1.1113312722.1689656663&semt=ais', 'title': 'Machine Learning 6', 'channel_name': 'mani yt', 'views': '5.4M views', 'posted_date': '5 days ago', 'channelimage_url': 'https://images.unsplash.com/photo-1499209974431-9dddcece7f88?ixlib=rb-4.0.3&ixid=M3wxMjA3fDB8MHxzZWFyY2h8MTJ8fGZyZWUlMjBpbWFnZXN8ZW58MHx8MHx8fDA%3D&auto=format&fit=crop&w=500&q=60', 'id': 2, 'topics': 'Machine Learning'}, {'thumbnail_url': 'https://img.freepik.com/free-vector/innovation-education-logo-template-vector-with-atom-science-graphic_53876-125986.jpg?size=626&ext=jpg&ga=GA1.1.1113312722.1689656663&semt=ais', 'title': 'Machine Learning 7', 'channel_name': 'bosch yt', 'views': '1.1M views', 'posted_date': '7 days ago', 'channelimage_url': 'https://images.unsplash.com/photo-1499209974431-9dddcece7f88?ixlib=rb-4.0.3&ixid=M3wxMjA3fDB8MHxzZWFyY2h8MTJ8fGZyZWUlMjBpbWFnZXN8ZW58MHx8MHx8fDA%3D&auto=format&fit=crop&w=500&q=60', 'id': 2, 'topics': 'Machine Learning'}, {'thumbnail_url': 'https://img.freepik.com/premium-photo/python-programming-code-abstract-technology-background_272306-146.jpg?size=626&ext=jpg&ga=GA1.1.1113312722.1689656663&semt=ais', 'title': 'Machine Learning 8', 'channel_name': 'ishan yt', 'views': '1.4M views', 'posted_date': '1 day ago', 'channelimage_url': 'https://images.unsplash.com/photo-1499209974431-9dddcece7f88?ixlib=rb-4.0.3&ixid=M3wxMjA3fDB8MHxzZWFyY2h8MTJ8fGZyZWUlMjBpbWFnZXN8ZW58MHx8MHx8fDA%3D&auto=format&fit=crop&w=500&q=60', 'id': 2, 'topics': 'Machine Learning'}, {'thumbnail_url': 'https://media.istockphoto.com/id/1283875643/photo/modern-office-space-with-waiting-room-board-room-and-cityscape-background.jpg?s=612x612&w=0&k=20&c=UiXhxyDlleOy_fJIeMlq5ATdn7yx9PLyzBNI_pG1xew=', 'title': 'Artificial Intelligence level1', 'channel_name': 'butler yt', 'views': '1.9M views', 'posted_date': '1 day ago', 'channelimage_url': 'https://images.unsplash.com/photo-1505968409348-bd000797c92e?ixlib=rb-4.0.3&ixid=M3wxMjA3fDB8MHxzZWFyY2h8NXx8ZnJlZSUyMGltYWdlc3xlbnwwfHwwfHx8MA%3D%3D&auto=format&fit=crop&w=500&q=60', 'id': 3, 'topics': 'Artificial Intelligence'}, {'thumbnail_url': 'https://img.freepik.com/free-photo/medium-shot-man-wearing-vr-glasses_23-2149126949.jpg?size=626&ext=jpg&ga=GA1.1.1113312722.1689656663&semt=ais', 'title': 'Artificial Intelligence level2', 'channel_name': 'roy yt', 'views': '1.1M views', 'posted_date': '3 days ago', 'channelimage_url': 'https://images.unsplash.com/photo-1530076886461-ce58ea8abe24?ixlib=rb-4.0.3&ixid=M3wxMjA3fDB8MHxzZWFyY2h8OHx8ZnJlZSUyMGltYWdlc3xlbnwwfHwwfHx8MA%3D%3D&auto=format&fit=crop&w=500&q=60', 'id': 3, 'topics': 'Artificial Intelligence'}, {'thumbnail_url': 'https://img.freepik.com/free-photo/3d-rendering-biorobots-concept_23-2149524396.jpg?size=626&ext=jpg&ga=GA1.1.1113312722.1689656663&semt=ais', 'title': 'Artificial Intelligence level3', 'channel_name': 'stokesyt', 'views': '3.4M views', 'posted_date': '2 weeks ago', 'channelimage_url': 'https://images.unsplash.com/photo-1505968409348-bd000797c92e?ixlib=rb-4.0.3&ixid=M3wxMjA3fDB8MHxzZWFyY2h8NXx8ZnJlZSUyMGltYWdlc3xlbnwwfHwwfHx8MA%3D%3D&auto=format&fit=crop&w=500&q=60', 'id': 3, 'topics': 'Artificial Intelligence'}, {'thumbnail_url': 'https://plus.unsplash.com/premium_photo-1668490321931-9a8dbc048734?ixlib=rb-4.0.3&ixid=M3wxMjA3fDB8MHxzZWFyY2h8MTN8fGZyZWUlMjBpbWFnZXN8ZW58MHx8MHx8fDA%3D&auto=format&fit=crop&w=500&q=60', 'title': 'Artificial Intelligence level1', 'channel_name': 'moenn yt', 'views': '2.4M views', 'posted_date': '5 days ago', 'channelimage_url': 'https://plus.unsplash.com/premium_photo-1682124185255-0f04e1663aec?ixlib=rb-4.0.3&ixid=M3wxMjA3fDB8MHxzZWFyY2h8MTl8fGZyZWUlMjBpbWFnZXN8ZW58MHx8MHx8fDA%3D&auto=format&fit=crop&w=500&q=60', 'id': 3, 'topics': 'Artificial Intelligence'}, {'thumbnail_url': 'https://media.istockphoto.com/id/1283875643/photo/modern-office-space-with-waiting-room-board-room-and-cityscape-background.jpg?s=612x612&w=0&k=20&c=UiXhxyDlleOy_fJIeMlq5ATdn7yx9PLyzBNI_pG1xew=', 'title': 'Python level1', 'channel_name': 'gill yt', 'views': '1.9M views', 'posted_date': '4 days ago', 'channelimage_url': 'https://images.unsplash.com/photo-1505968409348-bd000797c92e?ixlib=rb-4.0.3&ixid=M3wxMjA3fDB8MHxzZWFyY2h8NXx8ZnJlZSUyMGltYWdlc3xlbnwwfHwwfHx8MA%3D%3D&auto=format&fit=crop&w=500&q=60', 'id': 4, 'topics': 'Python'}, {'thumbnail_url': 'https://media.istockphoto.com/id/1283875643/photo/modern-office-space-with-waiting-room-board-room-and-cityscape-background.jpg?s=612x612&w=0&k=20&c=UiXhxyDlleOy_fJIeMlq5ATdn7yx9PLyzBNI_pG1xew=', 'title': 'Python level2', 'channel_name': 'sky yt', 'views': '3M views', 'posted_date': '3 days ago', 'channelimage_url': 'https://img.freepik.com/free-vector/digital-coding-background-with-numbers-zero-one_1017-30363.jpg?size=626&ext=jpg&ga=GA1.1.1113312722.1689656663&semt=ais', 'id': 4, 'topics': 'Python'}, {'thumbnail_url': 'https://img.freepik.com/free-photo/3d-rendering-biorobots-concept_23-2149524396.jpg?size=626&ext=jpg&ga=GA1.1.1113312722.1689656663&semt=ais', 'title': 'Python level3', 'channel_name': 'axar yt', 'views': '2.4M views', 'posted_date': '1 day ago', 'channelimage_url': 'https://images.unsplash.com/photo-1505968409348-bd000797c92e?ixlib=rb-4.0.3&ixid=M3wxMjA3fDB8MHxzZWFyY2h8NXx8ZnJlZSUyMGltYWdlc3xlbnwwfHwwfHx8MA%3D%3D&auto=format&fit=crop&w=500&q=60', 'id': 4, 'topics': 'Python'}, {'thumbnail_url': 'https://plus.unsplash.com/premium_photo-1668490321931-9a8dbc048734?ixlib=rb-4.0.3&ixid=M3wxMjA3fDB8MHxzZWFyY2h8MTN8fGZyZWUlMjBpbWFnZXN8ZW58MHx8MHx8fDA%3D&auto=format&fit=crop&w=500&q=60', 'title': 'Image Processing Level1', 'channel_name': 'popsi yt', 'views': '1.1M views', 'posted_date': '6 days ago', 'channelimage_url': 'https://images.unsplash.com/photo-1530076886461-ce58ea8abe24?ixlib=rb-4.0.3&ixid=M3wxMjA3fDB8MHxzZWFyY2h8OHx8ZnJlZSUyMGltYWdlc3xlbnwwfHwwfHx8MA%3D%3D&auto=format&fit=crop&w=500&q=60', 'id': 5, 'topics': 'Image Processing'}, {'thumbnail_url': 'https://img.freepik.com/free-photo/3d-rendering-biorobots-concept_23-2149524396.jpg?size=626&ext=jpg&ga=GA1.1.1113312722.1689656663&semt=ais', 'title': 'Image Processing Level2', 'channel_name': 'sree yt', 'views': '3.4M views', 'posted_date': '1 day ago', 'channelimage_url': 'https://images.unsplash.com/photo-1499209974431-9dddcece7f88?ixlib=rb-4.0.3&ixid=M3wxMjA3fDB8MHxzZWFyY2h8MTJ8fGZyZWUlMjBpbWFnZXN8ZW58MHx8MHx8fDA%3D&auto=format&fit=crop&w=500&q=60', 'id': 5, 'topics': 'Image Processing'}, {'thumbnail_url': 'https://img.freepik.com/free-vector/wireframe-robot-ai-artificial-intelligence-robotic-hand-machine-learning-cyber-mind-domination-concept_127544-852.jpg?size=626&ext=jpg&ga=GA1.1.1113312722.1689656663&semt=ais', 'title': 'Datascience level3', 'channel_name': 'raina ytt', 'views': '2.4M views', 'posted_date': '7 days ago', 'channelimage_url': 'https://images.unsplash.com/photo-1499209974431-9dddcece7f88?ixlib=rb-4.0.3&ixid=M3wxMjA3fDB8MHxzZWFyY2h8MTJ8fGZyZWUlMjBpbWFnZXN8ZW58MHx8MHx8fDA%3D&auto=format&fit=crop&w=500&q=60', 'id': 1, 'topics': 'Data Science'}, {'thumbnail_url': 'https://img.freepik.com/free-photo/medium-shot-woman-working-late-night_23-2150170690.jpg?size=626&ext=jpg', 'title': 'React js level1', 'channel_name': 'hjj yt', 'views': '2M  views', 'posted_date': '2 days ago', 'channelimage_url': 'https://img.freepik.com/premium-photo/burger-cooking-poster-hands-put-cutlet-bun-pineapple-bun-creative-poster-with-flying-tempest_207126-7668.jpg?size=626&ext=jpg', 'id': 7, 'topics': 'React Js'}, {'thumbnail_url': 'https://img.freepik.com/free-photo/top-viewtop-view-manager-employee-doing-teamwork-business-office-looking-charts-laptop-display_482257-2443.jpg?size=626&ext=jpg&ga=GA1.2.415633070.1691154424&semt=ais', 'title': 'Java level 1', 'channel_name': 'pos yt', 'views': '1 M views', 'posted_date': '3 days ago', 'channelimage_url': 'https://img.freepik.com/free-photo/man-suit-standing-office-with-clipboard-pointing-poster-with-words_1098-17121.jpg?size=626&ext=jpg&ga=GA1.2.415633070.1691154424&semt=ais', 'id': 6, 'topics': 'Java'}]
07-Sep-23 22:23:50 - 127.0.0.1 - - [07/Sep/2023 22:23:50] "GET /api/data HTTP/1.1" 200 -
07-Sep-23 22:23:50 - 127.0.0.1 - - [07/Sep/2023 22:23:50] "GET /api/data HTTP/1.1" 200 -
07-Sep-23 22:24:04 - [{'thumbnail_url': 'https://img.freepik.com/premium-photo/business-data-financial-figures-visualiser-graphic_31965-22136.jpg?size=626&ext=jpg&ga=GA1.2.1113312722.1689656663&semt=ais', 'title': 'Datascience level1', 'channel_name': 'karthi yt', 'views': '3.4M views', 'posted_date': '3 days ago', 'channelimage_url': 'https://images.unsplash.com/photo-1505968409348-bd000797c92e?ixlib=rb-4.0.3&ixid=M3wxMjA3fDB8MHxzZWFyY2h8NXx8ZnJlZSUyMGltYWdlc3xlbnwwfHwwfHx8MA%3D%3D&auto=format&fit=crop&w=500&q=60', 'id': 1, 'topics': 'Data Science'}, {'thumbnail_url': 'https://plus.unsplash.com/premium_photo-1668490321931-9a8dbc048734?ixlib=rb-4.0.3&ixid=M3wxMjA3fDB8MHxzZWFyY2h8MTN8fGZyZWUlMjBpbWFnZXN8ZW58MHx8MHx8fDA%3D&auto=format&fit=crop&w=500&q=60', 'title': 'Datascience level2', 'channel_name': 'raja yt', 'views': '3M views', 'posted_date': '5 days ago', 'channelimage_url': 'https://images.unsplash.com/photo-1593696954577-ab3d39317b97?ixlib=rb-4.0.3&ixid=M3wxMjA3fDB8MHxzZWFyY2h8OXx8ZnJlZSUyMGltYWdlc3xlbnwwfHwwfHx8MA%3D%3D&auto=format&fit=crop&w=500&q=60', 'id': 1, 'topics': 'Data Science'}, {'thumbnail_url': 'https://media.istockphoto.com/id/1283875643/photo/modern-office-space-with-waiting-room-board-room-and-cityscape-background.jpg?s=612x612&w=0&k=20&c=UiXhxyDlleOy_fJIeMlq5ATdn7yx9PLyzBNI_pG1xew=', 'title': 'Datascience level4', 'channel_name': 'suresh yt', 'views': '1.4M views', 'posted_date': '2 days ago', 'channelimage_url': 'https://images.unsplash.com/photo-1585020430145-2a6b034f7729?ixlib=rb-4.0.3&ixid=M3wxMjA3fDB8MHxzZWFyY2h8MTZ8fGZyZWUlMjBpbWFnZXN8ZW58MHx8MHx8fDA%3D&auto=format&fit=crop&w=500&q=60', 'id': 1, 'topics': 'Data Science'}, {'thumbnail_url': 'https://img.freepik.com/free-vector/wireframe-robot-ai-artificial-intelligence-robotic-hand-machine-learning-cyber-mind-domination-concept_127544-852.jpg?size=626&ext=jpg&ga=GA1.1.1113312722.1689656663&semt=ais', 'title': 'Datascience level5', 'channel_name': 'virat yt', 'views': '1.9M views', 'posted_date': '5 days ago', 'channelimage_url': 'https://images.unsplash.com/photo-1499209974431-9dddcece7f88?ixlib=rb-4.0.3&ixid=M3wxMjA3fDB8MHxzZWFyY2h8MTJ8fGZyZWUlMjBpbWFnZXN8ZW58MHx8MHx8fDA%3D&auto=format&fit=crop&w=500&q=60', 'id': 1, 'topics': 'Data Science'}, {'thumbnail_url': 'https://img.freepik.com/free-photo/medium-shot-man-wearing-vr-glasses_23-2149126949.jpg?size=626&ext=jpg&ga=GA1.1.1113312722.1689656663&semt=ais', 'title': 'Datascience level6', 'channel_name': 'sharma yt', 'views': '5.4M views', 'posted_date': '2 weeks ago', 'channelimage_url': 'https://plus.unsplash.com/premium_photo-1682124185255-0f04e1663aec?ixlib=rb-4.0.3&ixid=M3wxMjA3fDB8MHxzZWFyY2h8MTl8fGZyZWUlMjBpbWFnZXN8ZW58MHx8MHx8fDA%3D&auto=format&fit=crop&w=500&q=60', 'id': 1, 'topics': 'Data Science'}, {'thumbnail_url': 'https://img.freepik.com/premium-photo/python-programming-code-abstract-technology-background_272306-146.jpg?size=626&ext=jpg&ga=GA1.1.1113312722.1689656663&semt=ais', 'title': 'Datascience level7', 'channel_name': 'ashwin yt', 'views': '1.1M views', 'posted_date': '1 day ago', 'channelimage_url': 'https://img.freepik.com/free-vector/digital-coding-background-with-numbers-zero-one_1017-30363.jpg?size=626&ext=jpg&ga=GA1.1.1113312722.1689656663&semt=ais', 'id': 1, 'topics': 'Data Science'}, {'thumbnail_url': 'https://img.freepik.com/free-vector/innovation-education-logo-template-vector-with-atom-science-graphic_53876-125986.jpg?size=626&ext=jpg&ga=GA1.1.1113312722.1689656663&semt=ais', 'title': 'Datascience level8', 'channel_name': 'varma yt', 'views': '1.9M views', 'posted_date': '3 weeks ago', 'channelimage_url': 'https://img.freepik.com/free-vector/gradient-code-logo-with-tagline_23-2148811020.jpg?size=626&ext=jpg&ga=GA1.1.1113312722.1689656663&semt=ais', 'id': 1, 'topics': 'Data Science'}, {'thumbnail_url': 'https://img.freepik.com/premium-photo/business-data-financial-figures-visualiser-graphic_31965-22136.jpg?size=626&ext=jpg&ga=GA1.2.1113312722.1689656663&semt=ais', 'title': 'Machine Learning 1', 'channel_name': 'hrithik yt', 'views': '1.9M views', 'posted_date': '2 days ago', 'channelimage_url': 'https://images.unsplash.com/photo-1505968409348-bd000797c92e?ixlib=rb-4.0.3&ixid=M3wxMjA3fDB8MHxzZWFyY2h8NXx8ZnJlZSUyMGltYWdlc3xlbnwwfHwwfHx8MA%3D%3D&auto=format&fit=crop&w=500&q=60', 'id': 2, 'topics': 'Machine Learning'}, {'thumbnail_url': 'https://plus.unsplash.com/premium_photo-1668490321931-9a8dbc048734?ixlib=rb-4.0.3&ixid=M3wxMjA3fDB8MHxzZWFyY2h8MTN8fGZyZWUlMjBpbWFnZXN8ZW58MHx8MHx8fDA%3D&auto=format&fit=crop&w=500&q=60', 'title': 'Machine Learning 2', 'channel_name': 'pandya yt', 'views': '2.4M views', 'posted_date': '2 weeks ago', 'channelimage_url': 'https://images.unsplash.com/photo-1505968409348-bd000797c92e?ixlib=rb-4.0.3&ixid=M3wxMjA3fDB8MHxzZWFyY2h8NXx8ZnJlZSUyMGltYWdlc3xlbnwwfHwwfHx8MA%3D%3D&auto=format&fit=crop&w=500&q=60', 'id': 2, 'topics': 'Machine Learning'}, {'thumbnail_url': 'https://img.freepik.com/free-photo/3d-rendering-biorobots-concept_23-2149524396.jpg?size=626&ext=jpg&ga=GA1.1.1113312722.1689656663&semt=ais', 'title': 'Machine Learning 3', 'channel_name': 'malikyt', 'views': '3.4M views', 'posted_date': '3 days ago', 'channelimage_url': 'https://images.unsplash.com/photo-1530076886461-ce58ea8abe24?ixlib=rb-4.0.3&ixid=M3wxMjA3fDB8MHxzZWFyY2h8OHx8ZnJlZSUyMGltYWdlc3xlbnwwfHwwfHx8MA%3D%3D&auto=format&fit=crop&w=500&q=60', 'id': 2, 'topics': 'Machine Learning'}, {'thumbnail_url': 'https://media.istockphoto.com/id/1283875643/photo/modern-office-space-with-waiting-room-board-room-and-cityscape-background.jpg?s=612x612&w=0&k=20&c=UiXhxyDlleOy_fJIeMlq5ATdn7yx9PLyzBNI_pG1xew=', 'title': 'Machine Learning 4', 'channel_name': 'meera yt', 'views': '2.4M views', 'posted_date': '3 weeks ago', 'channelimage_url': 'https://images.unsplash.com/photo-1530076886461-ce58ea8abe24?ixlib=rb-4.0.3&ixid=M3wxMjA3fDB8MHxzZWFyY2h8OHx8ZnJlZSUyMGltYWdlc3xlbnwwfHwwfHx8MA%3D%3D&auto=format&fit=crop&w=500&q=60', 'id': 2, 'topics': 'Machine Learning'}, {'thumbnail_url': 'https://img.freepik.com/free-vector/wireframe-robot-ai-artificial-intelligence-robotic-hand-machine-learning-cyber-mind-domination-concept_127544-852.jpg?size=626&ext=jpg&ga=GA1.1.1113312722.1689656663&semt=ais', 'title': 'Machine Learning 5', 'channel_name': 'jack yt', 'views': '3.4M views', 'posted_date': '4 days ago', 'channelimage_url': 'https://img.freepik.com/free-vector/digital-coding-background-with-numbers-zero-one_1017-30363.jpg?size=626&ext=jpg&ga=GA1.1.1113312722.1689656663&semt=ais', 'id': 2, 'topics': 'Machine Learning'}, {'thumbnail_url': 'https://img.freepik.com/free-photo/medium-shot-man-wearing-vr-glasses_23-2149126949.jpg?size=626&ext=jpg&ga=GA1.1.1113312722.1689656663&semt=ais', 'title': 'Machine Learning 6', 'channel_name': 'mani yt', 'views': '5.4M views', 'posted_date': '5 days ago', 'channelimage_url': 'https://images.unsplash.com/photo-1499209974431-9dddcece7f88?ixlib=rb-4.0.3&ixid=M3wxMjA3fDB8MHxzZWFyY2h8MTJ8fGZyZWUlMjBpbWFnZXN8ZW58MHx8MHx8fDA%3D&auto=format&fit=crop&w=500&q=60', 'id': 2, 'topics': 'Machine Learning'}, {'thumbnail_url': 'https://img.freepik.com/free-vector/innovation-education-logo-template-vector-with-atom-science-graphic_53876-125986.jpg?size=626&ext=jpg&ga=GA1.1.1113312722.1689656663&semt=ais', 'title': 'Machine Learning 7', 'channel_name': 'bosch yt', 'views': '1.1M views', 'posted_date': '7 days ago', 'channelimage_url': 'https://images.unsplash.com/photo-1499209974431-9dddcece7f88?ixlib=rb-4.0.3&ixid=M3wxMjA3fDB8MHxzZWFyY2h8MTJ8fGZyZWUlMjBpbWFnZXN8ZW58MHx8MHx8fDA%3D&auto=format&fit=crop&w=500&q=60', 'id': 2, 'topics': 'Machine Learning'}, {'thumbnail_url': 'https://img.freepik.com/premium-photo/python-programming-code-abstract-technology-background_272306-146.jpg?size=626&ext=jpg&ga=GA1.1.1113312722.1689656663&semt=ais', 'title': 'Machine Learning 8', 'channel_name': 'ishan yt', 'views': '1.4M views', 'posted_date': '1 day ago', 'channelimage_url': 'https://images.unsplash.com/photo-1499209974431-9dddcece7f88?ixlib=rb-4.0.3&ixid=M3wxMjA3fDB8MHxzZWFyY2h8MTJ8fGZyZWUlMjBpbWFnZXN8ZW58MHx8MHx8fDA%3D&auto=format&fit=crop&w=500&q=60', 'id': 2, 'topics': 'Machine Learning'}, {'thumbnail_url': 'https://media.istockphoto.com/id/1283875643/photo/modern-office-space-with-waiting-room-board-room-and-cityscape-background.jpg?s=612x612&w=0&k=20&c=UiXhxyDlleOy_fJIeMlq5ATdn7yx9PLyzBNI_pG1xew=', 'title': 'Artificial Intelligence level1', 'channel_name': 'butler yt', 'views': '1.9M views', 'posted_date': '1 day ago', 'channelimage_url': 'https://images.unsplash.com/photo-1505968409348-bd000797c92e?ixlib=rb-4.0.3&ixid=M3wxMjA3fDB8MHxzZWFyY2h8NXx8ZnJlZSUyMGltYWdlc3xlbnwwfHwwfHx8MA%3D%3D&auto=format&fit=crop&w=500&q=60', 'id': 3, 'topics': 'Artificial Intelligence'}, {'thumbnail_url': 'https://img.freepik.com/free-photo/medium-shot-man-wearing-vr-glasses_23-2149126949.jpg?size=626&ext=jpg&ga=GA1.1.1113312722.1689656663&semt=ais', 'title': 'Artificial Intelligence level2', 'channel_name': 'roy yt', 'views': '1.1M views', 'posted_date': '3 days ago', 'channelimage_url': 'https://images.unsplash.com/photo-1530076886461-ce58ea8abe24?ixlib=rb-4.0.3&ixid=M3wxMjA3fDB8MHxzZWFyY2h8OHx8ZnJlZSUyMGltYWdlc3xlbnwwfHwwfHx8MA%3D%3D&auto=format&fit=crop&w=500&q=60', 'id': 3, 'topics': 'Artificial Intelligence'}, {'thumbnail_url': 'https://img.freepik.com/free-photo/3d-rendering-biorobots-concept_23-2149524396.jpg?size=626&ext=jpg&ga=GA1.1.1113312722.1689656663&semt=ais', 'title': 'Artificial Intelligence level3', 'channel_name': 'stokesyt', 'views': '3.4M views', 'posted_date': '2 weeks ago', 'channelimage_url': 'https://images.unsplash.com/photo-1505968409348-bd000797c92e?ixlib=rb-4.0.3&ixid=M3wxMjA3fDB8MHxzZWFyY2h8NXx8ZnJlZSUyMGltYWdlc3xlbnwwfHwwfHx8MA%3D%3D&auto=format&fit=crop&w=500&q=60', 'id': 3, 'topics': 'Artificial Intelligence'}, {'thumbnail_url': 'https://plus.unsplash.com/premium_photo-1668490321931-9a8dbc048734?ixlib=rb-4.0.3&ixid=M3wxMjA3fDB8MHxzZWFyY2h8MTN8fGZyZWUlMjBpbWFnZXN8ZW58MHx8MHx8fDA%3D&auto=format&fit=crop&w=500&q=60', 'title': 'Artificial Intelligence level1', 'channel_name': 'moenn yt', 'views': '2.4M views', 'posted_date': '5 days ago', 'channelimage_url': 'https://plus.unsplash.com/premium_photo-1682124185255-0f04e1663aec?ixlib=rb-4.0.3&ixid=M3wxMjA3fDB8MHxzZWFyY2h8MTl8fGZyZWUlMjBpbWFnZXN8ZW58MHx8MHx8fDA%3D&auto=format&fit=crop&w=500&q=60', 'id': 3, 'topics': 'Artificial Intelligence'}, {'thumbnail_url': 'https://media.istockphoto.com/id/1283875643/photo/modern-office-space-with-waiting-room-board-room-and-cityscape-background.jpg?s=612x612&w=0&k=20&c=UiXhxyDlleOy_fJIeMlq5ATdn7yx9PLyzBNI_pG1xew=', 'title': 'Python level1', 'channel_name': 'gill yt', 'views': '1.9M views', 'posted_date': '4 days ago', 'channelimage_url': 'https://images.unsplash.com/photo-1505968409348-bd000797c92e?ixlib=rb-4.0.3&ixid=M3wxMjA3fDB8MHxzZWFyY2h8NXx8ZnJlZSUyMGltYWdlc3xlbnwwfHwwfHx8MA%3D%3D&auto=format&fit=crop&w=500&q=60', 'id': 4, 'topics': 'Python'}, {'thumbnail_url': 'https://media.istockphoto.com/id/1283875643/photo/modern-office-space-with-waiting-room-board-room-and-cityscape-background.jpg?s=612x612&w=0&k=20&c=UiXhxyDlleOy_fJIeMlq5ATdn7yx9PLyzBNI_pG1xew=', 'title': 'Python level2', 'channel_name': 'sky yt', 'views': '3M views', 'posted_date': '3 days ago', 'channelimage_url': 'https://img.freepik.com/free-vector/digital-coding-background-with-numbers-zero-one_1017-30363.jpg?size=626&ext=jpg&ga=GA1.1.1113312722.1689656663&semt=ais', 'id': 4, 'topics': 'Python'}, {'thumbnail_url': 'https://img.freepik.com/free-photo/3d-rendering-biorobots-concept_23-2149524396.jpg?size=626&ext=jpg&ga=GA1.1.1113312722.1689656663&semt=ais', 'title': 'Python level3', 'channel_name': 'axar yt', 'views': '2.4M views', 'posted_date': '1 day ago', 'channelimage_url': 'https://images.unsplash.com/photo-1505968409348-bd000797c92e?ixlib=rb-4.0.3&ixid=M3wxMjA3fDB8MHxzZWFyY2h8NXx8ZnJlZSUyMGltYWdlc3xlbnwwfHwwfHx8MA%3D%3D&auto=format&fit=crop&w=500&q=60', 'id': 4, 'topics': 'Python'}, {'thumbnail_url': 'https://plus.unsplash.com/premium_photo-1668490321931-9a8dbc048734?ixlib=rb-4.0.3&ixid=M3wxMjA3fDB8MHxzZWFyY2h8MTN8fGZyZWUlMjBpbWFnZXN8ZW58MHx8MHx8fDA%3D&auto=format&fit=crop&w=500&q=60', 'title': 'Image Processing Level1', 'channel_name': 'popsi yt', 'views': '1.1M views', 'posted_date': '6 days ago', 'channelimage_url': 'https://images.unsplash.com/photo-1530076886461-ce58ea8abe24?ixlib=rb-4.0.3&ixid=M3wxMjA3fDB8MHxzZWFyY2h8OHx8ZnJlZSUyMGltYWdlc3xlbnwwfHwwfHx8MA%3D%3D&auto=format&fit=crop&w=500&q=60', 'id': 5, 'topics': 'Image Processing'}, {'thumbnail_url': 'https://img.freepik.com/free-photo/3d-rendering-biorobots-concept_23-2149524396.jpg?size=626&ext=jpg&ga=GA1.1.1113312722.1689656663&semt=ais', 'title': 'Image Processing Level2', 'channel_name': 'sree yt', 'views': '3.4M views', 'posted_date': '1 day ago', 'channelimage_url': 'https://images.unsplash.com/photo-1499209974431-9dddcece7f88?ixlib=rb-4.0.3&ixid=M3wxMjA3fDB8MHxzZWFyY2h8MTJ8fGZyZWUlMjBpbWFnZXN8ZW58MHx8MHx8fDA%3D&auto=format&fit=crop&w=500&q=60', 'id': 5, 'topics': 'Image Processing'}, {'thumbnail_url': 'https://img.freepik.com/free-vector/wireframe-robot-ai-artificial-intelligence-robotic-hand-machine-learning-cyber-mind-domination-concept_127544-852.jpg?size=626&ext=jpg&ga=GA1.1.1113312722.1689656663&semt=ais', 'title': 'Datascience level3', 'channel_name': 'raina ytt', 'views': '2.4M views', 'posted_date': '7 days ago', 'channelimage_url': 'https://images.unsplash.com/photo-1499209974431-9dddcece7f88?ixlib=rb-4.0.3&ixid=M3wxMjA3fDB8MHxzZWFyY2h8MTJ8fGZyZWUlMjBpbWFnZXN8ZW58MHx8MHx8fDA%3D&auto=format&fit=crop&w=500&q=60', 'id': 1, 'topics': 'Data Science'}, {'thumbnail_url': 'https://img.freepik.com/free-photo/medium-shot-woman-working-late-night_23-2150170690.jpg?size=626&ext=jpg', 'title': 'React js level1', 'channel_name': 'hjj yt', 'views': '2M  views', 'posted_date': '2 days ago', 'channelimage_url': 'https://img.freepik.com/premium-photo/burger-cooking-poster-hands-put-cutlet-bun-pineapple-bun-creative-poster-with-flying-tempest_207126-7668.jpg?size=626&ext=jpg', 'id': 7, 'topics': 'React Js'}, {'thumbnail_url': 'https://img.freepik.com/free-photo/top-viewtop-view-manager-employee-doing-teamwork-business-office-looking-charts-laptop-display_482257-2443.jpg?size=626&ext=jpg&ga=GA1.2.415633070.1691154424&semt=ais', 'title': 'Java level 1', 'channel_name': 'pos yt', 'views': '1 M views', 'posted_date': '3 days ago', 'channelimage_url': 'https://img.freepik.com/free-photo/man-suit-standing-office-with-clipboard-pointing-poster-with-words_1098-17121.jpg?size=626&ext=jpg&ga=GA1.2.415633070.1691154424&semt=ais', 'id': 6, 'topics': 'Java'}]
07-Sep-23 22:24:04 - [{'thumbnail_url': 'https://img.freepik.com/premium-photo/business-data-financial-figures-visualiser-graphic_31965-22136.jpg?size=626&ext=jpg&ga=GA1.2.1113312722.1689656663&semt=ais', 'title': 'Datascience level1', 'channel_name': 'karthi yt', 'views': '3.4M views', 'posted_date': '3 days ago', 'channelimage_url': 'https://images.unsplash.com/photo-1505968409348-bd000797c92e?ixlib=rb-4.0.3&ixid=M3wxMjA3fDB8MHxzZWFyY2h8NXx8ZnJlZSUyMGltYWdlc3xlbnwwfHwwfHx8MA%3D%3D&auto=format&fit=crop&w=500&q=60', 'id': 1, 'topics': 'Data Science'}, {'thumbnail_url': 'https://plus.unsplash.com/premium_photo-1668490321931-9a8dbc048734?ixlib=rb-4.0.3&ixid=M3wxMjA3fDB8MHxzZWFyY2h8MTN8fGZyZWUlMjBpbWFnZXN8ZW58MHx8MHx8fDA%3D&auto=format&fit=crop&w=500&q=60', 'title': 'Datascience level2', 'channel_name': 'raja yt', 'views': '3M views', 'posted_date': '5 days ago', 'channelimage_url': 'https://images.unsplash.com/photo-1593696954577-ab3d39317b97?ixlib=rb-4.0.3&ixid=M3wxMjA3fDB8MHxzZWFyY2h8OXx8ZnJlZSUyMGltYWdlc3xlbnwwfHwwfHx8MA%3D%3D&auto=format&fit=crop&w=500&q=60', 'id': 1, 'topics': 'Data Science'}, {'thumbnail_url': 'https://media.istockphoto.com/id/1283875643/photo/modern-office-space-with-waiting-room-board-room-and-cityscape-background.jpg?s=612x612&w=0&k=20&c=UiXhxyDlleOy_fJIeMlq5ATdn7yx9PLyzBNI_pG1xew=', 'title': 'Datascience level4', 'channel_name': 'suresh yt', 'views': '1.4M views', 'posted_date': '2 days ago', 'channelimage_url': 'https://images.unsplash.com/photo-1585020430145-2a6b034f7729?ixlib=rb-4.0.3&ixid=M3wxMjA3fDB8MHxzZWFyY2h8MTZ8fGZyZWUlMjBpbWFnZXN8ZW58MHx8MHx8fDA%3D&auto=format&fit=crop&w=500&q=60', 'id': 1, 'topics': 'Data Science'}, {'thumbnail_url': 'https://img.freepik.com/free-vector/wireframe-robot-ai-artificial-intelligence-robotic-hand-machine-learning-cyber-mind-domination-concept_127544-852.jpg?size=626&ext=jpg&ga=GA1.1.1113312722.1689656663&semt=ais', 'title': 'Datascience level5', 'channel_name': 'virat yt', 'views': '1.9M views', 'posted_date': '5 days ago', 'channelimage_url': 'https://images.unsplash.com/photo-1499209974431-9dddcece7f88?ixlib=rb-4.0.3&ixid=M3wxMjA3fDB8MHxzZWFyY2h8MTJ8fGZyZWUlMjBpbWFnZXN8ZW58MHx8MHx8fDA%3D&auto=format&fit=crop&w=500&q=60', 'id': 1, 'topics': 'Data Science'}, {'thumbnail_url': 'https://img.freepik.com/free-photo/medium-shot-man-wearing-vr-glasses_23-2149126949.jpg?size=626&ext=jpg&ga=GA1.1.1113312722.1689656663&semt=ais', 'title': 'Datascience level6', 'channel_name': 'sharma yt', 'views': '5.4M views', 'posted_date': '2 weeks ago', 'channelimage_url': 'https://plus.unsplash.com/premium_photo-1682124185255-0f04e1663aec?ixlib=rb-4.0.3&ixid=M3wxMjA3fDB8MHxzZWFyY2h8MTl8fGZyZWUlMjBpbWFnZXN8ZW58MHx8MHx8fDA%3D&auto=format&fit=crop&w=500&q=60', 'id': 1, 'topics': 'Data Science'}, {'thumbnail_url': 'https://img.freepik.com/premium-photo/python-programming-code-abstract-technology-background_272306-146.jpg?size=626&ext=jpg&ga=GA1.1.1113312722.1689656663&semt=ais', 'title': 'Datascience level7', 'channel_name': 'ashwin yt', 'views': '1.1M views', 'posted_date': '1 day ago', 'channelimage_url': 'https://img.freepik.com/free-vector/digital-coding-background-with-numbers-zero-one_1017-30363.jpg?size=626&ext=jpg&ga=GA1.1.1113312722.1689656663&semt=ais', 'id': 1, 'topics': 'Data Science'}, {'thumbnail_url': 'https://img.freepik.com/free-vector/innovation-education-logo-template-vector-with-atom-science-graphic_53876-125986.jpg?size=626&ext=jpg&ga=GA1.1.1113312722.1689656663&semt=ais', 'title': 'Datascience level8', 'channel_name': 'varma yt', 'views': '1.9M views', 'posted_date': '3 weeks ago', 'channelimage_url': 'https://img.freepik.com/free-vector/gradient-code-logo-with-tagline_23-2148811020.jpg?size=626&ext=jpg&ga=GA1.1.1113312722.1689656663&semt=ais', 'id': 1, 'topics': 'Data Science'}, {'thumbnail_url': 'https://img.freepik.com/premium-photo/business-data-financial-figures-visualiser-graphic_31965-22136.jpg?size=626&ext=jpg&ga=GA1.2.1113312722.1689656663&semt=ais', 'title': 'Machine Learning 1', 'channel_name': 'hrithik yt', 'views': '1.9M views', 'posted_date': '2 days ago', 'channelimage_url': 'https://images.unsplash.com/photo-1505968409348-bd000797c92e?ixlib=rb-4.0.3&ixid=M3wxMjA3fDB8MHxzZWFyY2h8NXx8ZnJlZSUyMGltYWdlc3xlbnwwfHwwfHx8MA%3D%3D&auto=format&fit=crop&w=500&q=60', 'id': 2, 'topics': 'Machine Learning'}, {'thumbnail_url': 'https://plus.unsplash.com/premium_photo-1668490321931-9a8dbc048734?ixlib=rb-4.0.3&ixid=M3wxMjA3fDB8MHxzZWFyY2h8MTN8fGZyZWUlMjBpbWFnZXN8ZW58MHx8MHx8fDA%3D&auto=format&fit=crop&w=500&q=60', 'title': 'Machine Learning 2', 'channel_name': 'pandya yt', 'views': '2.4M views', 'posted_date': '2 weeks ago', 'channelimage_url': 'https://images.unsplash.com/photo-1505968409348-bd000797c92e?ixlib=rb-4.0.3&ixid=M3wxMjA3fDB8MHxzZWFyY2h8NXx8ZnJlZSUyMGltYWdlc3xlbnwwfHwwfHx8MA%3D%3D&auto=format&fit=crop&w=500&q=60', 'id': 2, 'topics': 'Machine Learning'}, {'thumbnail_url': 'https://img.freepik.com/free-photo/3d-rendering-biorobots-concept_23-2149524396.jpg?size=626&ext=jpg&ga=GA1.1.1113312722.1689656663&semt=ais', 'title': 'Machine Learning 3', 'channel_name': 'malikyt', 'views': '3.4M views', 'posted_date': '3 days ago', 'channelimage_url': 'https://images.unsplash.com/photo-1530076886461-ce58ea8abe24?ixlib=rb-4.0.3&ixid=M3wxMjA3fDB8MHxzZWFyY2h8OHx8ZnJlZSUyMGltYWdlc3xlbnwwfHwwfHx8MA%3D%3D&auto=format&fit=crop&w=500&q=60', 'id': 2, 'topics': 'Machine Learning'}, {'thumbnail_url': 'https://media.istockphoto.com/id/1283875643/photo/modern-office-space-with-waiting-room-board-room-and-cityscape-background.jpg?s=612x612&w=0&k=20&c=UiXhxyDlleOy_fJIeMlq5ATdn7yx9PLyzBNI_pG1xew=', 'title': 'Machine Learning 4', 'channel_name': 'meera yt', 'views': '2.4M views', 'posted_date': '3 weeks ago', 'channelimage_url': 'https://images.unsplash.com/photo-1530076886461-ce58ea8abe24?ixlib=rb-4.0.3&ixid=M3wxMjA3fDB8MHxzZWFyY2h8OHx8ZnJlZSUyMGltYWdlc3xlbnwwfHwwfHx8MA%3D%3D&auto=format&fit=crop&w=500&q=60', 'id': 2, 'topics': 'Machine Learning'}, {'thumbnail_url': 'https://img.freepik.com/free-vector/wireframe-robot-ai-artificial-intelligence-robotic-hand-machine-learning-cyber-mind-domination-concept_127544-852.jpg?size=626&ext=jpg&ga=GA1.1.1113312722.1689656663&semt=ais', 'title': 'Machine Learning 5', 'channel_name': 'jack yt', 'views': '3.4M views', 'posted_date': '4 days ago', 'channelimage_url': 'https://img.freepik.com/free-vector/digital-coding-background-with-numbers-zero-one_1017-30363.jpg?size=626&ext=jpg&ga=GA1.1.1113312722.1689656663&semt=ais', 'id': 2, 'topics': 'Machine Learning'}, {'thumbnail_url': 'https://img.freepik.com/free-photo/medium-shot-man-wearing-vr-glasses_23-2149126949.jpg?size=626&ext=jpg&ga=GA1.1.1113312722.1689656663&semt=ais', 'title': 'Machine Learning 6', 'channel_name': 'mani yt', 'views': '5.4M views', 'posted_date': '5 days ago', 'channelimage_url': 'https://images.unsplash.com/photo-1499209974431-9dddcece7f88?ixlib=rb-4.0.3&ixid=M3wxMjA3fDB8MHxzZWFyY2h8MTJ8fGZyZWUlMjBpbWFnZXN8ZW58MHx8MHx8fDA%3D&auto=format&fit=crop&w=500&q=60', 'id': 2, 'topics': 'Machine Learning'}, {'thumbnail_url': 'https://img.freepik.com/free-vector/innovation-education-logo-template-vector-with-atom-science-graphic_53876-125986.jpg?size=626&ext=jpg&ga=GA1.1.1113312722.1689656663&semt=ais', 'title': 'Machine Learning 7', 'channel_name': 'bosch yt', 'views': '1.1M views', 'posted_date': '7 days ago', 'channelimage_url': 'https://images.unsplash.com/photo-1499209974431-9dddcece7f88?ixlib=rb-4.0.3&ixid=M3wxMjA3fDB8MHxzZWFyY2h8MTJ8fGZyZWUlMjBpbWFnZXN8ZW58MHx8MHx8fDA%3D&auto=format&fit=crop&w=500&q=60', 'id': 2, 'topics': 'Machine Learning'}, {'thumbnail_url': 'https://img.freepik.com/premium-photo/python-programming-code-abstract-technology-background_272306-146.jpg?size=626&ext=jpg&ga=GA1.1.1113312722.1689656663&semt=ais', 'title': 'Machine Learning 8', 'channel_name': 'ishan yt', 'views': '1.4M views', 'posted_date': '1 day ago', 'channelimage_url': 'https://images.unsplash.com/photo-1499209974431-9dddcece7f88?ixlib=rb-4.0.3&ixid=M3wxMjA3fDB8MHxzZWFyY2h8MTJ8fGZyZWUlMjBpbWFnZXN8ZW58MHx8MHx8fDA%3D&auto=format&fit=crop&w=500&q=60', 'id': 2, 'topics': 'Machine Learning'}, {'thumbnail_url': 'https://media.istockphoto.com/id/1283875643/photo/modern-office-space-with-waiting-room-board-room-and-cityscape-background.jpg?s=612x612&w=0&k=20&c=UiXhxyDlleOy_fJIeMlq5ATdn7yx9PLyzBNI_pG1xew=', 'title': 'Artificial Intelligence level1', 'channel_name': 'butler yt', 'views': '1.9M views', 'posted_date': '1 day ago', 'channelimage_url': 'https://images.unsplash.com/photo-1505968409348-bd000797c92e?ixlib=rb-4.0.3&ixid=M3wxMjA3fDB8MHxzZWFyY2h8NXx8ZnJlZSUyMGltYWdlc3xlbnwwfHwwfHx8MA%3D%3D&auto=format&fit=crop&w=500&q=60', 'id': 3, 'topics': 'Artificial Intelligence'}, {'thumbnail_url': 'https://img.freepik.com/free-photo/medium-shot-man-wearing-vr-glasses_23-2149126949.jpg?size=626&ext=jpg&ga=GA1.1.1113312722.1689656663&semt=ais', 'title': 'Artificial Intelligence level2', 'channel_name': 'roy yt', 'views': '1.1M views', 'posted_date': '3 days ago', 'channelimage_url': 'https://images.unsplash.com/photo-1530076886461-ce58ea8abe24?ixlib=rb-4.0.3&ixid=M3wxMjA3fDB8MHxzZWFyY2h8OHx8ZnJlZSUyMGltYWdlc3xlbnwwfHwwfHx8MA%3D%3D&auto=format&fit=crop&w=500&q=60', 'id': 3, 'topics': 'Artificial Intelligence'}, {'thumbnail_url': 'https://img.freepik.com/free-photo/3d-rendering-biorobots-concept_23-2149524396.jpg?size=626&ext=jpg&ga=GA1.1.1113312722.1689656663&semt=ais', 'title': 'Artificial Intelligence level3', 'channel_name': 'stokesyt', 'views': '3.4M views', 'posted_date': '2 weeks ago', 'channelimage_url': 'https://images.unsplash.com/photo-1505968409348-bd000797c92e?ixlib=rb-4.0.3&ixid=M3wxMjA3fDB8MHxzZWFyY2h8NXx8ZnJlZSUyMGltYWdlc3xlbnwwfHwwfHx8MA%3D%3D&auto=format&fit=crop&w=500&q=60', 'id': 3, 'topics': 'Artificial Intelligence'}, {'thumbnail_url': 'https://plus.unsplash.com/premium_photo-1668490321931-9a8dbc048734?ixlib=rb-4.0.3&ixid=M3wxMjA3fDB8MHxzZWFyY2h8MTN8fGZyZWUlMjBpbWFnZXN8ZW58MHx8MHx8fDA%3D&auto=format&fit=crop&w=500&q=60', 'title': 'Artificial Intelligence level1', 'channel_name': 'moenn yt', 'views': '2.4M views', 'posted_date': '5 days ago', 'channelimage_url': 'https://plus.unsplash.com/premium_photo-1682124185255-0f04e1663aec?ixlib=rb-4.0.3&ixid=M3wxMjA3fDB8MHxzZWFyY2h8MTl8fGZyZWUlMjBpbWFnZXN8ZW58MHx8MHx8fDA%3D&auto=format&fit=crop&w=500&q=60', 'id': 3, 'topics': 'Artificial Intelligence'}, {'thumbnail_url': 'https://media.istockphoto.com/id/1283875643/photo/modern-office-space-with-waiting-room-board-room-and-cityscape-background.jpg?s=612x612&w=0&k=20&c=UiXhxyDlleOy_fJIeMlq5ATdn7yx9PLyzBNI_pG1xew=', 'title': 'Python level1', 'channel_name': 'gill yt', 'views': '1.9M views', 'posted_date': '4 days ago', 'channelimage_url': 'https://images.unsplash.com/photo-1505968409348-bd000797c92e?ixlib=rb-4.0.3&ixid=M3wxMjA3fDB8MHxzZWFyY2h8NXx8ZnJlZSUyMGltYWdlc3xlbnwwfHwwfHx8MA%3D%3D&auto=format&fit=crop&w=500&q=60', 'id': 4, 'topics': 'Python'}, {'thumbnail_url': 'https://media.istockphoto.com/id/1283875643/photo/modern-office-space-with-waiting-room-board-room-and-cityscape-background.jpg?s=612x612&w=0&k=20&c=UiXhxyDlleOy_fJIeMlq5ATdn7yx9PLyzBNI_pG1xew=', 'title': 'Python level2', 'channel_name': 'sky yt', 'views': '3M views', 'posted_date': '3 days ago', 'channelimage_url': 'https://img.freepik.com/free-vector/digital-coding-background-with-numbers-zero-one_1017-30363.jpg?size=626&ext=jpg&ga=GA1.1.1113312722.1689656663&semt=ais', 'id': 4, 'topics': 'Python'}, {'thumbnail_url': 'https://img.freepik.com/free-photo/3d-rendering-biorobots-concept_23-2149524396.jpg?size=626&ext=jpg&ga=GA1.1.1113312722.1689656663&semt=ais', 'title': 'Python level3', 'channel_name': 'axar yt', 'views': '2.4M views', 'posted_date': '1 day ago', 'channelimage_url': 'https://images.unsplash.com/photo-1505968409348-bd000797c92e?ixlib=rb-4.0.3&ixid=M3wxMjA3fDB8MHxzZWFyY2h8NXx8ZnJlZSUyMGltYWdlc3xlbnwwfHwwfHx8MA%3D%3D&auto=format&fit=crop&w=500&q=60', 'id': 4, 'topics': 'Python'}, {'thumbnail_url': 'https://plus.unsplash.com/premium_photo-1668490321931-9a8dbc048734?ixlib=rb-4.0.3&ixid=M3wxMjA3fDB8MHxzZWFyY2h8MTN8fGZyZWUlMjBpbWFnZXN8ZW58MHx8MHx8fDA%3D&auto=format&fit=crop&w=500&q=60', 'title': 'Image Processing Level1', 'channel_name': 'popsi yt', 'views': '1.1M views', 'posted_date': '6 days ago', 'channelimage_url': 'https://images.unsplash.com/photo-1530076886461-ce58ea8abe24?ixlib=rb-4.0.3&ixid=M3wxMjA3fDB8MHxzZWFyY2h8OHx8ZnJlZSUyMGltYWdlc3xlbnwwfHwwfHx8MA%3D%3D&auto=format&fit=crop&w=500&q=60', 'id': 5, 'topics': 'Image Processing'}, {'thumbnail_url': 'https://img.freepik.com/free-photo/3d-rendering-biorobots-concept_23-2149524396.jpg?size=626&ext=jpg&ga=GA1.1.1113312722.1689656663&semt=ais', 'title': 'Image Processing Level2', 'channel_name': 'sree yt', 'views': '3.4M views', 'posted_date': '1 day ago', 'channelimage_url': 'https://images.unsplash.com/photo-1499209974431-9dddcece7f88?ixlib=rb-4.0.3&ixid=M3wxMjA3fDB8MHxzZWFyY2h8MTJ8fGZyZWUlMjBpbWFnZXN8ZW58MHx8MHx8fDA%3D&auto=format&fit=crop&w=500&q=60', 'id': 5, 'topics': 'Image Processing'}, {'thumbnail_url': 'https://img.freepik.com/free-vector/wireframe-robot-ai-artificial-intelligence-robotic-hand-machine-learning-cyber-mind-domination-concept_127544-852.jpg?size=626&ext=jpg&ga=GA1.1.1113312722.1689656663&semt=ais', 'title': 'Datascience level3', 'channel_name': 'raina ytt', 'views': '2.4M views', 'posted_date': '7 days ago', 'channelimage_url': 'https://images.unsplash.com/photo-1499209974431-9dddcece7f88?ixlib=rb-4.0.3&ixid=M3wxMjA3fDB8MHxzZWFyY2h8MTJ8fGZyZWUlMjBpbWFnZXN8ZW58MHx8MHx8fDA%3D&auto=format&fit=crop&w=500&q=60', 'id': 1, 'topics': 'Data Science'}, {'thumbnail_url': 'https://img.freepik.com/free-photo/medium-shot-woman-working-late-night_23-2150170690.jpg?size=626&ext=jpg', 'title': 'React js level1', 'channel_name': 'hjj yt', 'views': '2M  views', 'posted_date': '2 days ago', 'channelimage_url': 'https://img.freepik.com/premium-photo/burger-cooking-poster-hands-put-cutlet-bun-pineapple-bun-creative-poster-with-flying-tempest_207126-7668.jpg?size=626&ext=jpg', 'id': 7, 'topics': 'React Js'}, {'thumbnail_url': 'https://img.freepik.com/free-photo/top-viewtop-view-manager-employee-doing-teamwork-business-office-looking-charts-laptop-display_482257-2443.jpg?size=626&ext=jpg&ga=GA1.2.415633070.1691154424&semt=ais', 'title': 'Java level 1', 'channel_name': 'pos yt', 'views': '1 M views', 'posted_date': '3 days ago', 'channelimage_url': 'https://img.freepik.com/free-photo/man-suit-standing-office-with-clipboard-pointing-poster-with-words_1098-17121.jpg?size=626&ext=jpg&ga=GA1.2.415633070.1691154424&semt=ais', 'id': 6, 'topics': 'Java'}]
07-Sep-23 22:24:04 - 127.0.0.1 - - [07/Sep/2023 22:24:04] "GET /api/data HTTP/1.1" 200 -
07-Sep-23 22:24:04 - 127.0.0.1 - - [07/Sep/2023 22:24:04] "GET /api/data HTTP/1.1" 200 -
